Component: ARM Compiler 5.06 update 5 (build 528) Tool: armlink [4d35e2]

==============================================================================

Section Cross References

    startup_stm32f446xx.o(STACK) refers (Special) to heapauxi.o(.text) for __use_two_region_memory
    startup_stm32f446xx.o(HEAP) refers (Special) to heapauxi.o(.text) for __use_two_region_memory
    startup_stm32f446xx.o(RESET) refers (Special) to heapauxi.o(.text) for __use_two_region_memory
    startup_stm32f446xx.o(RESET) refers to startup_stm32f446xx.o(STACK) for __initial_sp
    startup_stm32f446xx.o(RESET) refers to startup_stm32f446xx.o(.text) for Reset_Handler
    startup_stm32f446xx.o(RESET) refers to stm32f4xx_it.o(i.NMI_Handler) for NMI_Handler
    startup_stm32f446xx.o(RESET) refers to stm32f4xx_it.o(i.HardFault_Handler) for HardFault_Handler
    startup_stm32f446xx.o(RESET) refers to stm32f4xx_it.o(i.MemManage_Handler) for MemManage_Handler
    startup_stm32f446xx.o(RESET) refers to stm32f4xx_it.o(i.BusFault_Handler) for BusFault_Handler
    startup_stm32f446xx.o(RESET) refers to stm32f4xx_it.o(i.UsageFault_Handler) for UsageFault_Handler
    startup_stm32f446xx.o(RESET) refers to port.o(.emb_text) for SVC_Handler
    startup_stm32f446xx.o(RESET) refers to stm32f4xx_it.o(i.DebugMon_Handler) for DebugMon_Handler
    startup_stm32f446xx.o(RESET) refers to stm32f4xx_it.o(i.SysTick_Handler) for SysTick_Handler
    startup_stm32f446xx.o(RESET) refers to stm32f4xx_it.o(i.DMA1_Stream1_IRQHandler) for DMA1_Stream1_IRQHandler
    startup_stm32f446xx.o(RESET) refers to stm32f4xx_it.o(i.CAN1_TX_IRQHandler) for CAN1_TX_IRQHandler
    startup_stm32f446xx.o(RESET) refers to stm32f4xx_it.o(i.CAN1_RX0_IRQHandler) for CAN1_RX0_IRQHandler
    startup_stm32f446xx.o(RESET) refers to remote_control.o(i.USART3_IRQHandler) for USART3_IRQHandler
    startup_stm32f446xx.o(RESET) refers to stm32f4xx_it.o(i.CAN2_TX_IRQHandler) for CAN2_TX_IRQHandler
    startup_stm32f446xx.o(RESET) refers to stm32f4xx_it.o(i.CAN2_RX0_IRQHandler) for CAN2_RX0_IRQHandler
    startup_stm32f446xx.o(RESET) refers to stm32f4xx_it.o(i.DMA2_Stream7_IRQHandler) for DMA2_Stream7_IRQHandler
    startup_stm32f446xx.o(.text) refers (Special) to heapauxi.o(.text) for __use_two_region_memory
    startup_stm32f446xx.o(.text) refers to system_stm32f4xx.o(i.SystemInit) for SystemInit
    startup_stm32f446xx.o(.text) refers to __main.o(!!!main) for __main
    startup_stm32f446xx.o(.text) refers to startup_stm32f446xx.o(HEAP) for Heap_Mem
    startup_stm32f446xx.o(.text) refers to startup_stm32f446xx.o(STACK) for Stack_Mem
    main.o(i.SystemClock_Config) refers to rt_memclr_w.o(.text) for __aeabi_memclr4
    main.o(i.SystemClock_Config) refers to stm32f4xx_hal_rcc_ex.o(i.HAL_RCC_OscConfig) for HAL_RCC_OscConfig
    main.o(i.SystemClock_Config) refers to stm32f4xx_hal_rcc.o(i.HAL_RCC_ClockConfig) for HAL_RCC_ClockConfig
    main.o(i.main) refers to stm32f4xx_hal.o(i.HAL_Init) for HAL_Init
    main.o(i.main) refers to main.o(i.SystemClock_Config) for SystemClock_Config
    main.o(i.main) refers to gpio.o(i.MX_GPIO_Init) for MX_GPIO_Init
    main.o(i.main) refers to dma.o(i.MX_DMA_Init) for MX_DMA_Init
    main.o(i.main) refers to usart.o(i.MX_USART1_UART_Init) for MX_USART1_UART_Init
    main.o(i.main) refers to usart.o(i.MX_USART3_UART_Init) for MX_USART3_UART_Init
    main.o(i.main) refers to can.o(i.MX_CAN1_Init) for MX_CAN1_Init
    main.o(i.main) refers to can.o(i.MX_CAN2_Init) for MX_CAN2_Init
    main.o(i.main) refers to remote_control.o(i.remote_control_init) for remote_control_init
    main.o(i.main) refers to bsp_can.o(i.can_filter_init) for can_filter_init
    main.o(i.main) refers to freertos.o(i.MX_FREERTOS_Init) for MX_FREERTOS_Init
    main.o(i.main) refers to cmsis_os.o(i.osKernelStart) for osKernelStart
    gpio.o(i.MX_GPIO_Init) refers to rt_memclr_w.o(.text) for __aeabi_memclr4
    gpio.o(i.MX_GPIO_Init) refers to stm32f4xx_hal_gpio.o(i.HAL_GPIO_WritePin) for HAL_GPIO_WritePin
    gpio.o(i.MX_GPIO_Init) refers to stm32f4xx_hal_gpio.o(i.HAL_GPIO_Init) for HAL_GPIO_Init
    freertos.o(i.MX_FREERTOS_Init) refers to rt_memcpy_w.o(.text) for __aeabi_memcpy4
    freertos.o(i.MX_FREERTOS_Init) refers to cmsis_os.o(i.osThreadCreate) for osThreadCreate
    freertos.o(i.MX_FREERTOS_Init) refers to freertos.o(.constdata) for .constdata
    freertos.o(i.MX_FREERTOS_Init) refers to freertos.o(.data) for .data
    freertos.o(i.StartDefaultTask) refers to cmsis_os.o(i.osDelay) for osDelay
    freertos.o(i.vApplicationGetIdleTaskMemory) refers to freertos.o(.bss) for .bss
    freertos.o(.constdata) refers to freertos.o(.conststring) for .conststring
    freertos.o(.constdata) refers to freertos.o(i.StartDefaultTask) for StartDefaultTask
    freertos.o(.constdata) refers to dart_task.o(i.Dart_task) for Dart_task
    freertos.o(.constdata) refers to friction_task.o(i.Friction_task) for Friction_task
[...]
    .ARM.Collect$$libinit$$00000021          0x0800023e   Section        0  libinit2.o(.ARM.Collect$$libinit$$00000021)
    .ARM.Collect$$libinit$$00000023          0x0800023e   Section        0  libinit2.o(.ARM.Collect$$libinit$$00000023)
    .ARM.Collect$$libinit$$00000025          0x0800023e   Section        0  libinit2.o(.ARM.Collect$$libinit$$00000025)
    .ARM.Collect$$libinit$$0000002C          0x0800023e   Section        0  libinit2.o(.ARM.Collect$$libinit$$0000002C)
    .ARM.Collect$$libinit$$0000002E          0x0800023e   Section        0  libinit2.o(.ARM.Collect$$libinit$$0000002E)
    .ARM.Collect$$libinit$$00000030          0x0800023e   Section        0  libinit2.o(.ARM.Collect$$libinit$$00000030)
    .ARM.Collect$$libinit$$00000032          0x0800023e   Section        0  libinit2.o(.ARM.Collect$$libinit$$00000032)
    .ARM.Collect$$libinit$$00000033          0x0800023e   Section        2  libinit2.o(.ARM.Collect$$libinit$$00000033)
    .ARM.Collect$$libshutdown$$00000000      0x08000240   Section        2  libshutdown.o(.ARM.Collect$$libshutdown$$00000000)
    .ARM.Collect$$libshutdown$$00000002      0x08000242   Section        0  libshutdown2.o(.ARM.Collect$$libshutdown$$00000002)
    .ARM.Collect$$libshutdown$$00000004      0x08000242   Section        0  libshutdown2.o(.ARM.Collect$$libshutdown$$00000004)
    .ARM.Collect$$libshutdown$$00000007      0x08000242   Section        0  libshutdown2.o(.ARM.Collect$$libshutdown$$00000007)
    .ARM.Collect$$libshutdown$$0000000A      0x08000242   Section        0  libshutdown2.o(.ARM.Collect$$libshutdown$$0000000A)
    .ARM.Collect$$libshutdown$$0000000C      0x08000242   Section        0  libshutdown2.o(.ARM.Collect$$libshutdown$$0000000C)
    .ARM.Collect$$libshutdown$$0000000F      0x08000242   Section        0  libshutdown2.o(.ARM.Collect$$libshutdown$$0000000F)
    .ARM.Collect$$libshutdown$$00000010      0x08000242   Section        2  libshutdown2.o(.ARM.Collect$$libshutdown$$00000010)
    .ARM.Collect$$rtentry$$00000000          0x08000244   Section        0  __rtentry.o(.ARM.Collect$$rtentry$$00000000)
    .ARM.Collect$$rtentry$$00000002          0x08000244   Section        0  __rtentry2.o(.ARM.Collect$$rtentry$$00000002)
    .ARM.Collect$$rtentry$$00000004          0x08000244   Section        6  __rtentry4.o(.ARM.Collect$$rtentry$$00000004)
    .ARM.Collect$$rtentry$$00000009          0x0800024a   Section        0  __rtentry2.o(.ARM.Collect$$rtentry$$00000009)
    .ARM.Collect$$rtentry$$0000000A          0x0800024a   Section        4  __rtentry2.o(.ARM.Collect$$rtentry$$0000000A)
    .ARM.Collect$$rtentry$$0000000C          0x0800024e   Section        0  __rtentry2.o(.ARM.Collect$$rtentry$$0000000C)
    .ARM.Collect$$rtentry$$0000000D          0x0800024e   Section        8  __rtentry2.o(.ARM.Collect$$rtentry$$0000000D)
    .ARM.Collect$$rtexit$$00000000           0x08000256   Section        2  rtexit.o(.ARM.Collect$$rtexit$$00000000)
    .ARM.Collect$$rtexit$$00000002           0x08000258   Section        0  rtexit2.o(.ARM.Collect$$rtexit$$00000002)
    .ARM.Collect$$rtexit$$00000003           0x08000258   Section        4  rtexit2.o(.ARM.Collect$$rtexit$$00000003)
    .ARM.Collect$$rtexit$$00000004           0x0800025c   Section        6  rtexit2.o(.ARM.Collect$$rtexit$$00000004)
    .emb_text                                0x08000264   Section      190  port.o(.emb_text)
    $v0                                      0x08000264   Number         0  port.o(.emb_text)
    .text                                    0x08000324   Section       64  startup_stm32f446xx.o(.text)
    $v0                                      0x08000324   Number         0  startup_stm32f446xx.o(.text)
    .text                                    0x08000364   Section      238  lludivv7m.o(.text)
    .text                                    0x08000452   Section      100  rt_memcpy_w.o(.text)
    .text                                    0x080004b6   Section       78  rt_memclr_w.o(.text)
    .text                                    0x08000504   Section        0  heapauxi.o(.text)
    .text                                    0x0800050a   Section       74  sys_stackheap_outer.o(.text)
    .text                                    0x08000554   Section        0  exit.o(.text)
    .text                                    0x08000568   Section        8  libspace.o(.text)
    .text                                    0x08000570   Section        0  sys_exit.o(.text)
    .text                                    0x0800057c   Section        2  use_no_semi.o(.text)
    .text                                    0x0800057e   Section        0  indicate_semi.o(.text)
    i.BusFault_Handler                       0x0800057e   Section        0  stm32f4xx_it.o(i.BusFault_Handler)
    i.CAN1_RX0_IRQHandler                    0x08000580   Section        0  stm32f4xx_it.o(i.CAN1_RX0_IRQHandler)
    i.CAN1_TX_IRQHandler                     0x0800058c   Section        0  stm32f4xx_it.o(i.CAN1_TX_IRQHandler)
    i.CAN2_RX0_IRQHandler                    0x08000598   Section        0  stm32f4xx_it.o(i.CAN2_RX0_IRQHandler)
    i.CAN2_TX_IRQHandler                     0x080005a4   Section        0  stm32f4xx_it.o(i.CAN2_TX_IRQHandler)
    i.DMA1_Stream1_IRQHandler                0x080005b0   Section        0  stm32f4xx_it.o(i.DMA1_Stream1_IRQHandler)
    i.DMA2_Stream7_IRQHandler                0x080005bc   Section        0  stm32f4xx_it.o(i.DMA2_Stream7_IRQHandler)
    i.DMA_CalcBaseAndBitshift                0x080005c8   Section        0  stm32f4xx_hal_dma.o(i.DMA_CalcBaseAndBitshift)
    DMA_CalcBaseAndBitshift                  0x080005c9   Thumb Code    34  stm32f4xx_hal_dma.o(i.DMA_CalcBaseAndBitshift)
    i.DMA_CheckFifoParam                     0x080005f0   Section        0  stm32f4xx_hal_dma.o(i.DMA_CheckFifoParam)
    DMA_CheckFifoParam                       0x080005f1   Thumb Code    84  stm32f4xx_hal_dma.o(i.DMA_CheckFifoParam)
    i.Dart_task                              0x08000644   Section        0  dart_task.o(i.Dart_task)
    i.DebugMon_Handler                       0x080006d8   Section        0  stm32f4xx_it.o(i.DebugMon_Handler)
    i.Error_Handler                          0x080006da   Section        0  main.o(i.Error_Handler)
    i.Friction_task                          0x080006e0   Section        0  friction_task.o(i.Friction_task)
    i.HAL_CAN_ActivateNotification           0x080007c8   Section        0  stm32f4xx_hal_can.o(i.HAL_CAN_ActivateNotification)
    i.HAL_CAN_AddTxMessage                   0x080007ec   Section        0  stm32f4xx_hal_can.o(i.HAL_CAN_AddTxMessage)
    i.HAL_CAN_ConfigFilter                   0x080008b4   Section        0  stm32f4xx_hal_can.o(i.HAL_CAN_ConfigFilter)
    i.HAL_CAN_ErrorCallback                  0x080009c0   Section        0  stm32f4xx_hal_can.o(i.HAL_CAN_ErrorCallback)
    i.HAL_CAN_GetRxMessage                   0x080009c2   Section        0  stm32f4xx_hal_can.o(i.HAL_CAN_GetRxMessage)
    i.HAL_CAN_IRQHandler                     0x08000aaa   Section        0  stm32f4xx_hal_can.o(i.HAL_CAN_IRQHandler)
    i.HAL_CAN_Init                           0x08000ca6   Section        0  stm32f4xx_hal_can.o(i.HAL_CAN_Init)
    i.HAL_CAN_MspInit                        0x08000dc0   Section        0  can.o(i.HAL_CAN_MspInit)
    i.HAL_CAN_RxFifo0FullCallback            0x08000ee4   Section        0  stm32f4xx_hal_can.o(i.HAL_CAN_RxFifo0FullCallback)
    i.HAL_CAN_RxFifo0MsgPendingCallback      0x08000ee8   Section        0  can_user.o(i.HAL_CAN_RxFifo0MsgPendingCallback)
    i.HAL_CAN_RxFifo1FullCallback            0x08001000   Section        0  stm32f4xx_hal_can.o(i.HAL_CAN_RxFifo1FullCallback)
    i.HAL_CAN_RxFifo1MsgPendingCallback      0x08001002   Section        0  stm32f4xx_hal_can.o(i.HAL_CAN_RxFifo1MsgPendingCallback)
    i.HAL_CAN_SleepCallback                  0x08001004   Section        0  stm32f4xx_hal_can.o(i.HAL_CAN_SleepCallback)
    i.HAL_CAN_Start                          0x08001008   Section        0  stm32f4xx_hal_can.o(i.HAL_CAN_Start)
    i.HAL_CAN_TxMailbox0AbortCallback        0x08001060   Section        0  stm32f4xx_hal_can.o(i.HAL_CAN_TxMailbox0AbortCallback)
    i.HAL_CAN_TxMailbox0CompleteCallback     0x08001062   Section        0  stm32f4xx_hal_can.o(i.HAL_CAN_TxMailbox0CompleteCallback)
    i.HAL_CAN_TxMailbox1AbortCallback        0x08001064   Section        0  stm32f4xx_hal_can.o(i.HAL_CAN_TxMailbox1AbortCallback)
    i.HAL_CAN_TxMailbox1CompleteCallback     0x08001066   Section        0  stm32f4xx_hal_can.o(i.HAL_CAN_TxMailbox1CompleteCallback)
    i.HAL_CAN_TxMailbox2AbortCallback        0x08001068   Section        0  stm32f4xx_hal_can.o(i.HAL_CAN_TxMailbox2AbortCallback)
    i.HAL_CAN_TxMailbox2CompleteCallback     0x0800106a   Section        0  stm32f4xx_hal_can.o(i.HAL_CAN_TxMailbox2CompleteCallback)
    i.HAL_CAN_WakeUpFromRxMsgCallback        0x0800106c   Section        0  stm32f4xx_hal_can.o(i.HAL_CAN_WakeUpFromRxMsgCallback)
    i.HAL_DMA_IRQHandler                     0x08001070   Section        0  stm32f4xx_hal_dma.o(i.HAL_DMA_IRQHandler)
    i.HAL_DMA_Init                           0x08001210   Section        0  stm32f4xx_hal_dma.o(i.HAL_DMA_Init)
    i.HAL_GPIO_Init                          0x080012e4   Section        0  stm32f4xx_hal_gpio.o(i.HAL_GPIO_Init)
    i.HAL_GPIO_ReadPin                       0x080014c0   Section        0  stm32f4xx_hal_gpio.o(i.HAL_GPIO_ReadPin)
    i.HAL_GPIO_WritePin                      0x080014ca   Section        0  stm32f4xx_hal_gpio.o(i.HAL_GPIO_WritePin)
    i.HAL_GetTick                            0x080014d4   Section        0  stm32f4xx_hal.o(i.HAL_GetTick)
    i.HAL_IncTick                            0x080014e0   Section        0  stm32f4xx_hal.o(i.HAL_IncTick)
    i.HAL_Init                               0x080014f0   Section        0  stm32f4xx_hal.o(i.HAL_Init)
    i.HAL_InitTick                           0x08001524   Section        0  stm32f4xx_hal.o(i.HAL_InitTick)
    i.HAL_MspInit                            0x08001564   Section        0  stm32f4xx_hal_msp.o(i.HAL_MspInit)
    i.HAL_NVIC_EnableIRQ                     0x0800159c   Section        0  stm32f4xx_hal_cortex.o(i.HAL_NVIC_EnableIRQ)
    i.HAL_NVIC_SetPriority                   0x080015b8   Section        0  stm32f4xx_hal_cortex.o(i.HAL_NVIC_SetPriority)
    i.HAL_NVIC_SetPriorityGrouping           0x080015f8   Section        0  stm32f4xx_hal_cortex.o(i.HAL_NVIC_SetPriorityGrouping)
    i.HAL_RCC_ClockConfig                    0x0800161c   Section        0  stm32f4xx_hal_rcc.o(i.HAL_RCC_ClockConfig)
    i.HAL_RCC_GetPCLK1Freq                   0x08001750   Section        0  stm32f4xx_hal_rcc.o(i.HAL_RCC_GetPCLK1Freq)
    i.HAL_RCC_GetPCLK2Freq                   0x08001770   Section        0  stm32f4xx_hal_rcc.o(i.HAL_RCC_GetPCLK2Freq)
    i.HAL_RCC_GetSysClockFreq                0x08001790   Section        0  stm32f4xx_hal_rcc_ex.o(i.HAL_RCC_GetSysClockFreq)
    i.HAL_RCC_OscConfig                      0x08001828   Section        0  stm32f4xx_hal_rcc_ex.o(i.HAL_RCC_OscConfig)
    i.HAL_SYSTICK_Config                     0x08001bc0   Section        0  stm32f4xx_hal_cortex.o(i.HAL_SYSTICK_Config)
    i.HAL_UART_Init                          0x08001be8   Section        0  stm32f4xx_hal_uart.o(i.HAL_UART_Init)
    i.HAL_UART_MspInit                       0x08001c4c   Section        0  usart.o(i.HAL_UART_MspInit)
    i.HardFault_Handler                      0x08001da4   Section        0  stm32f4xx_it.o(i.HardFault_Handler)
    i.MX_CAN1_Init                           0x08001da8   Section        0  can.o(i.MX_CAN1_Init)
    i.MX_CAN2_Init                           0x08001dec   Section        0  can.o(i.MX_CAN2_Init)
    i.MX_DMA_Init                            0x08001e30   Section        0  dma.o(i.MX_DMA_Init)
    i.MX_FREERTOS_Init                       0x08001e7c   Section        0  freertos.o(i.MX_FREERTOS_Init)
    i.MX_GPIO_Init                           0x08001ed0   Section        0  gpio.o(i.MX_GPIO_Init)
    i.MX_USART1_UART_Init                    0x08001f60   Section        0  usart.o(i.MX_USART1_UART_Init)
    i.MX_USART3_UART_Init                    0x08001f98   Section        0  usart.o(i.MX_USART3_UART_Init)
    i.MemManage_Handler                      0x08001fd4   Section        0  stm32f4xx_it.o(i.MemManage_Handler)
    i.NMI_Handler                            0x08001fd6   Section        0  stm32f4xx_it.o(i.NMI_Handler)
    i.RC_init                                0x08001fd8   Section        0  bsp_rc.o(i.RC_init)
    i.StartDefaultTask                       0x08002038   Section        0  freertos.o(i.StartDefaultTask)
    i.SysTick_Handler                        0x08002040   Section        0  stm32f4xx_it.o(i.SysTick_Handler)
    i.SystemClock_Config                     0x08002058   Section        0  main.o(i.SystemClock_Config)
    i.SystemInit                             0x080020ec   Section        0  system_stm32f4xx.o(i.SystemInit)
    i.UART_SetConfig                         0x080020fc   Section        0  stm32f4xx_hal_uart.o(i.UART_SetConfig)
    UART_SetConfig                           0x080020fd   Thumb Code   258  stm32f4xx_hal_uart.o(i.UART_SetConfig)
    i.USART3_IRQHandler                      0x08002208   Section        0  remote_control.o(i.USART3_IRQHandler)
    i.UsageFault_Handler                     0x080022bc   Section        0  stm32f4xx_it.o(i.UsageFault_Handler)
    i.__NVIC_SetPriority                     0x080022be   Section        0  stm32f4xx_hal_cortex.o(i.__NVIC_SetPriority)
    __NVIC_SetPriority                       0x080022bf   Thumb Code    32  stm32f4xx_hal_cortex.o(i.__NVIC_SetPriority)
    i.calc_and_send                          0x080022e0   Section        0  dart_task.o(i.calc_and_send)
    calc_and_send                            0x080022e1   Thumb Code   100  dart_task.o(i.calc_and_send)
    i.calc_and_send                          0x08002348   Section        0  friction_task.o(i.calc_and_send)
    calc_and_send                            0x08002349   Thumb Code   164  friction_task.o(i.calc_and_send)
    i.can1_cmd_motor                         0x080023f4   Section        0  can_user.o(i.can1_cmd_motor)
    i.can2_cmd_motor                         0x08002448   Section        0  can_user.o(i.can2_cmd_motor)
    i.can_filter_init                        0x0800249c   Section        0  bsp_can.o(i.can_filter_init)
    i.dart_control_mode                      0x080024f4   Section        0  dart_task.o(i.dart_control_mode)
    dart_control_mode                        0x080024f5   Thumb Code   188  dart_task.o(i.dart_control_mode)
    i.get_switch                             0x080025c0   Section        0  switch.o(i.get_switch)
    i.main                                   0x080025ec   Section        0  main.o(i.main)
    i.makeFreeRtosPriority                   0x0800261e   Section        0  cmsis_os.o(i.makeFreeRtosPriority)
    makeFreeRtosPriority                     0x0800261f   Thumb Code    12  cmsis_os.o(i.makeFreeRtosPriority)
    i.mode_choose                            0x0800262c   Section        0  friction_task.o(i.mode_choose)
    mode_choose                              0x0800262d   Thumb Code   232  friction_task.o(i.mode_choose)
    i.motor_2006_calc                        0x08002728   Section        0  motor.o(i.motor_2006_calc)
    i.motor_2006_push_calc                   0x080027c0   Section        0  motor.o(i.motor_2006_push_calc)
    i.motor_calc                             0x08002858   Section        0  motor.o(i.motor_calc)
    i.motor_init                             0x0800287c   Section        0  motor.o(i.motor_init)
    i.motor_pitch_calc                       0x0800289c   Section        0  motor.o(i.motor_pitch_calc)
    i.motor_yaw_calc                         0x08002934   Section        0  motor.o(i.motor_yaw_calc)
    i.osDelay                                0x080029cc   Section        0  cmsis_os.o(i.osDelay)
    i.osKernelStart                          0x080029da   Section        0  cmsis_os.o(i.osKernelStart)
    i.osThreadCreate                         0x080029e4   Section        0  cmsis_os.o(i.osThreadCreate)
    i.pid_calc                               0x08002a38   Section        0  pid.o(i.pid_calc)
    i.pid_init                               0x08002ade   Section        0  pid.o(i.pid_init)
    i.prvAddCurrentTaskToDelayedList         0x08002b00   Section        0  tasks.o(i.prvAddCurrentTaskToDelayedList)
    prvAddCurrentTaskToDelayedList           0x08002b01   Thumb Code   102  tasks.o(i.prvAddCurrentTaskToDelayedList)
    i.prvAddNewTaskToReadyList               0x08002b70   Section        0  tasks.o(i.prvAddNewTaskToReadyList)
    prvAddNewTaskToReadyList                 0x08002b71   Thumb Code   194  tasks.o(i.prvAddNewTaskToReadyList)
    i.prvDeleteTCB                           0x08002c40   Section        0  tasks.o(i.prvDeleteTCB)
    prvDeleteTCB                             0x08002c41   Thumb Code    52  tasks.o(i.prvDeleteTCB)
    i.prvHeapInit                            0x08002c74   Section        0  heap_4.o(i.prvHeapInit)
    prvHeapInit                              0x08002c75   Thumb Code    66  heap_4.o(i.prvHeapInit)
    i.prvIdleTask                            0x08002cc0   Section        0  tasks.o(i.prvIdleTask)
    prvIdleTask                              0x08002cc1   Thumb Code    82  tasks.o(i.prvIdleTask)
    i.prvInitialiseNewTask                   0x08002d20   Section        0  tasks.o(i.prvInitialiseNewTask)
    prvInitialiseNewTask                     0x08002d21   Thumb Code   152  tasks.o(i.prvInitialiseNewTask)
    i.prvInsertBlockIntoFreeList             0x08002db8   Section        0  heap_4.o(i.prvInsertBlockIntoFreeList)
    prvInsertBlockIntoFreeList               0x08002db9   Thumb Code    72  heap_4.o(i.prvInsertBlockIntoFreeList)
    i.prvResetNextTaskUnblockTime            0x08002e04   Section        0  tasks.o(i.prvResetNextTaskUnblockTime)
    prvResetNextTaskUnblockTime              0x08002e05   Thumb Code    26  tasks.o(i.prvResetNextTaskUnblockTime)
    i.prvTaskExitError                       0x08002e24   Section        0  port.o(i.prvTaskExitError)
    prvTaskExitError                         0x08002e25   Thumb Code    36  port.o(i.prvTaskExitError)
    i.pvPortMalloc                           0x08002e4c   Section        0  heap_4.o(i.pvPortMalloc)
    i.pxPortInitialiseStack                  0x08002f28   Section        0  port.o(i.pxPortInitialiseStack)
    i.remote_control_init                    0x08002f54   Section        0  remote_control.o(i.remote_control_init)
    i.sbus_to_rc                             0x08002f64   Section        0  remote_control.o(i.sbus_to_rc)
    sbus_to_rc                               0x08002f65   Thumb Code   180  remote_control.o(i.sbus_to_rc)
    i.speed_ramp                             0x08003018   Section        0  friction_task.o(i.speed_ramp)
    speed_ramp                               0x08003019   Thumb Code   170  friction_task.o(i.speed_ramp)
    i.uxListRemove                           0x080030d4   Section        0  list.o(i.uxListRemove)
    i.vApplicationGetIdleTaskMemory          0x080030fc   Section        0  freertos.o(i.vApplicationGetIdleTaskMemory)
    i.vListInitialise                        0x08003110   Section        0  list.o(i.vListInitialise)
    i.vListInitialiseItem                    0x08003126   Section        0  list.o(i.vListInitialiseItem)
    i.vListInsert                            0x0800312c   Section        0  list.o(i.vListInsert)
    i.vListInsertEnd                         0x0800315c   Section        0  list.o(i.vListInsertEnd)
    i.vPortEnterCritical                     0x08003174   Section        0  port.o(i.vPortEnterCritical)
    i.vPortExitCritical                      0x080031b4   Section        0  port.o(i.vPortExitCritical)
    i.vPortFree                              0x080031dc   Section        0  heap_4.o(i.vPortFree)
    i.vPortSetupTimerInterrupt               0x08003240   Section        0  port.o(i.vPortSetupTimerInterrupt)
    i.vTaskDelay                             0x08003264   Section        0  tasks.o(i.vTaskDelay)
    i.vTaskStartScheduler                    0x080032b0   Section        0  tasks.o(i.vTaskStartScheduler)
    i.vTaskSuspendAll                        0x0800331c   Section        0  tasks.o(i.vTaskSuspendAll)
    i.vTaskSwitchContext                     0x0800332c   Section        0  tasks.o(i.vTaskSwitchContext)
    i.xPortStartScheduler                    0x08003388   Section        0  port.o(i.xPortStartScheduler)
    i.xPortSysTickHandler                    0x0800347c   Section        0  port.o(i.xPortSysTickHandler)
    i.xTaskCreate                            0x080034a8   Section        0  tasks.o(i.xTaskCreate)
    i.xTaskCreateStatic                      0x08003502   Section        0  tasks.o(i.xTaskCreateStatic)
    i.xTaskGetSchedulerState                 0x08003558   Section        0  tasks.o(i.xTaskGetSchedulerState)
    i.xTaskIncrementTick                     0x08003574   Section        0  tasks.o(i.xTaskIncrementTick)
    i.xTaskResumeAll                         0x08003640   Section        0  tasks.o(i.xTaskResumeAll)
    x$fpl$fpinit                             0x08003704   Section       10  fpinit.o(x$fpl$fpinit)
    $v0                                      0x08003704   Number         0  fpinit.o(x$fpl$fpinit)
    .constdata                               0x08003710   Section       84  freertos.o(.constdata)
    .constdata                               0x08003764   Section        8  stm32f4xx_hal_dma.o(.constdata)
    flagBitshiftOffset                       0x08003764   Data           8  stm32f4xx_hal_dma.o(.constdata)
    .constdata                               0x0800376c   Section       16  system_stm32f4xx.o(.constdata)
    .constdata                               0x0800377c   Section        8  system_stm32f4xx.o(.constdata)
    .conststring                             0x08003784   Section       29  freertos.o(.conststring)
    .data                                    0x20000000   Section       12  freertos.o(.data)
    .data                                    0x2000000c   Section        4  can.o(.data)
    HAL_RCC_CAN1_CLK_ENABLED                 0x2000000c   Data           4  can.o(.data)
    .data                                    0x20000010   Section       12  stm32f4xx_hal.o(.data)
    .data                                    0x2000001c   Section        4  system_stm32f4xx.o(.data)
    .data                                    0x20000020   Section       16  dart_task.o(.data)
    .data                                    0x20000030   Section       32  friction_task.o(.data)
    .data                                    0x20000050   Section        2  remote_control.o(.data)
    this_time_rx_len                         0x20000050   Data           2  remote_control.o(.data)
    .data                                    0x20000052   Section       24  can_user.o(.data)
    motor_can_send_data                      0x20000062   Data           8  can_user.o(.data)
    .data                                    0x2000006c   Section       60  tasks.o(.data)
    uxDeletedTasksWaitingCleanUp             0x20000070   Data           4  tasks.o(.data)
    uxCurrentNumberOfTasks                   0x20000074   Data           4  tasks.o(.data)
    xTickCount                               0x20000078   Data           4  tasks.o(.data)
    uxTopReadyPriority                       0x2000007c   Data           4  tasks.o(.data)
    xSchedulerRunning                        0x20000080   Data           4  tasks.o(.data)
    xPendedTicks                             0x20000084   Data           4  tasks.o(.data)
    xYieldPending                            0x20000088   Data           4  tasks.o(.data)
    xNumOfOverflows                          0x2000008c   Data           4  tasks.o(.data)
    uxTaskNumber                             0x20000090   Data           4  tasks.o(.data)
    xNextTaskUnblockTime                     0x20000094   Data           4  tasks.o(.data)
    xIdleTaskHandle                          0x20000098   Data           4  tasks.o(.data)
    uxSchedulerSuspended                     0x2000009c   Data           4  tasks.o(.data)
    pxDelayedTaskList                        0x200000a0   Data           4  tasks.o(.data)
    pxOverflowDelayedTaskList                0x200000a4   Data           4  tasks.o(.data)
    .data                                    0x200000a8   Section       32  heap_4.o(.data)
    pxEnd                                    0x200000a8   Data           4  heap_4.o(.data)
    xFreeBytesRemaining                      0x200000ac   Data           4  heap_4.o(.data)
    xMinimumEverFreeBytesRemaining           0x200000b0   Data           4  heap_4.o(.data)
    xNumberOfSuccessfulAllocations           0x200000b4   Data           4  heap_4.o(.data)
    xNumberOfSuccessfulFrees                 0x200000b8   Data           4  heap_4.o(.data)
    xBlockAllocatedBit                       0x200000bc   Data           4  heap_4.o(.data)
    xStart                                   0x200000c0   Data           8  heap_4.o(.data)
    .data                                    0x200000c8   Section       12  port.o(.data)
    ucMaxSysCallPriority                     0x200000c8   Data           1  port.o(.data)
    uxCriticalNesting                        0x200000cc   Data           4  port.o(.data)
    ulMaxPRIGROUPValue                       0x200000d0   Data           4  port.o(.data)
    .bss                                     0x200000d4   Section      596  freertos.o(.bss)
    xIdleTaskTCBBuffer                       0x200000d4   Data          84  freertos.o(.bss)
    xIdleStack                               0x20000128   Data         512  freertos.o(.bss)
    .bss                                     0x20000328   Section       80  can.o(.bss)
    .bss                                     0x20000378   Section      328  usart.o(.bss)
    .bss                                     0x200004c0   Section       94  remote_control.o(.bss)
    sbus_rx_buf                              0x200004d6   Data          72  remote_control.o(.bss)
    .bss                                     0x20000520   Section       80  can_user.o(.bss)
    motor_tx_message                         0x20000558   Data          24  can_user.o(.bss)
    .bss                                     0x20000570   Section      240  tasks.o(.bss)
    pxReadyTasksLists                        0x20000570   Data         140  tasks.o(.bss)
    xDelayedTaskList1                        0x200005fc   Data          20  tasks.o(.bss)
    xDelayedTaskList2                        0x20000610   Data          20  tasks.o(.bss)
    xPendingReadyList                        0x20000624   Data          20  tasks.o(.bss)
    xTasksWaitingTermination                 0x20000638   Data          20  tasks.o(.bss)
    xSuspendedTaskList                       0x2000064c   Data          20  tasks.o(.bss)
    .bss                                     0x20000660   Section    15360  heap_4.o(.bss)
    ucHeap                                   0x20000660   Data       15360  heap_4.o(.bss)
    .bss                                     0x20004260   Section     1088  motor.o(.bss)
    .bss                                     0x200046a0   Section       96  libspace.o(.bss)
    HEAP                                     0x20004700   Section      512  startup_stm32f446xx.o(HEAP)
    Heap_Mem                                 0x20004700   Data         512  startup_stm32f446xx.o(HEAP)
    STACK                                    0x20004900   Section     1024  startup_stm32f446xx.o(STACK)
    Stack_Mem                                0x20004900   Data        1024  startup_stm32f446xx.o(STACK)
    __initial_sp                             0x20004d00   Data           0  startup_stm32f446xx.o(STACK)

    Global Symbols

    Symbol Name                              Value     Ov Type        Size  Object(Section)

    BuildAttributes$$THM_ISAv4$E$P$D$K$B$S$7EM$VFPi3$EXTD16$VFPS$VFMA$PE$A:L22UL41UL21$X:L11$S22US41US21$IEEE1$IW$USESV6$~STKCKD$USESV7$~SHL$OSPACE$ROPI$EBA8$UX$STANDARDLIB$REQ8$PRES8$EABIv2 0x00000000   Number         0  anon$$obj.o ABSOLUTE
    __ARM_use_no_argv                        0x00000000   Number         0  main.o ABSOLUTE
    __ARM_exceptions_init                     - Undefined Weak Reference
    __alloca_initialize                       - Undefined Weak Reference
    __arm_preinit_                            - Undefined Weak Reference
    __cpp_initialize__aeabi_                  - Undefined Weak Reference
    __cxa_finalize                            - Undefined Weak Reference
    __rt_locale                               - Undefined Weak Reference
    __sigvec_lookup                           - Undefined Weak Reference
    _atexit_init                              - Undefined Weak Reference
    _call_atexit_fns                          - Undefined Weak Reference
    _clock_init                               - Undefined Weak Reference
    _fp_trap_init                             - Undefined Weak Reference
    _fp_trap_shutdown                         - Undefined Weak Reference
    _get_lc_collate                           - Undefined Weak Reference
    _get_lc_ctype                             - Undefined Weak Reference
    _get_lc_monetary                          - Undefined Weak Reference
    _get_lc_numeric                           - Undefined Weak Reference
    _get_lc_time                              - Undefined Weak Reference
    _getenv_init                              - Undefined Weak Reference
    _handle_redirection                       - Undefined Weak Reference
    _init_alloc                               - Undefined Weak Reference
    _init_user_alloc                          - Undefined Weak Reference
    _initio                                   - Undefined Weak Reference
    _rand_init                                - Undefined Weak Reference
    _signal_finish                            - Undefined Weak Reference
    _signal_init                              - Undefined Weak Reference
    _terminate_alloc                          - Undefined Weak Reference
    _terminate_user_alloc                     - Undefined Weak Reference
    _terminateio                              - Undefined Weak Reference
    __Vectors_Size                           0x000001c4   Number         0  startup_stm32f446xx.o ABSOLUTE
    __Vectors                                0x08000000   Data           4  startup_stm32f446xx.o(RESET)
    __Vectors_End                            0x080001c4   Data           0  startup_stm32f446xx.o(RESET)
    __main                                   0x080001c5   Thumb Code     8  __main.o(!!!main)
    __scatterload                            0x080001cd   Thumb Code     0  __scatter.o(!!!scatter)
    __scatterload_rt2                        0x080001cd   Thumb Code    44  __scatter.o(!!!scatter)
    __scatterload_rt2_thumb_only             0x080001cd   Thumb Code     0  __scatter.o(!!!scatter)
    __scatterload_null                       0x080001db   Thumb Code     0  __scatter.o(!!!scatter)
    __scatterload_copy                       0x08000201   Thumb Code    26  __scatter_copy.o(!!handler_copy)
    __scatterload_zeroinit                   0x0800021d   Thumb Code    28  __scatter_zi.o(!!handler_zi)
    __rt_lib_init                            0x08000239   Thumb Code     0  libinit.o(.ARM.Collect$$libinit$$00000000)
    __rt_lib_init_fp_1                       0x0800023b   Thumb Code     0  libinit2.o(.ARM.Collect$$libinit$$00000001)
    __rt_lib_init_alloca_1                   0x0800023f   Thumb Code     0  libinit2.o(.ARM.Collect$$libinit$$0000002E)
    __rt_lib_init_argv_1                     0x0800023f   Thumb Code     0  libinit2.o(.ARM.Collect$$libinit$$0000002C)
    __rt_lib_init_atexit_1                   0x0800023f   Thumb Code     0  libinit2.o(.ARM.Collect$$libinit$$0000001B)
    __rt_lib_init_clock_1                    0x0800023f   Thumb Code     0  libinit2.o(.ARM.Collect$$libinit$$00000021)
    __rt_lib_init_cpp_1                      0x0800023f   Thumb Code     0  libinit2.o(.ARM.Collect$$libinit$$00000032)
    __rt_lib_init_exceptions_1               0x0800023f   Thumb Code     0  libinit2.o(.ARM.Collect$$libinit$$00000030)
    __rt_lib_init_fp_trap_1                  0x0800023f   Thumb Code     0  libinit2.o(.ARM.Collect$$libinit$$0000001F)
    __rt_lib_init_getenv_1                   0x0800023f   Thumb Code     0  libinit2.o(.ARM.Collect$$libinit$$00000023)
    __rt_lib_init_heap_1                     0x0800023f   Thumb Code     0  libinit2.o(.ARM.Collect$$libinit$$0000000A)
    __rt_lib_init_lc_collate_1               0x0800023f   Thumb Code     0  libinit2.o(.ARM.Collect$$libinit$$00000011)
    __rt_lib_init_lc_ctype_1                 0x0800023f   Thumb Code     0  libinit2.o(.ARM.Collect$$libinit$$00000013)
    __rt_lib_init_lc_monetary_1              0x0800023f   Thumb Code     0  libinit2.o(.ARM.Collect$$libinit$$00000015)
    __rt_lib_init_lc_numeric_1               0x0800023f   Thumb Code     0  libinit2.o(.ARM.Collect$$libinit$$00000017)
    __rt_lib_init_lc_time_1                  0x0800023f   Thumb Code     0  libinit2.o(.ARM.Collect$$libinit$$00000019)
    __rt_lib_init_preinit_1                  0x0800023f   Thumb Code     0  libinit2.o(.ARM.Collect$$libinit$$00000004)
    __rt_lib_init_rand_1                     0x0800023f   Thumb Code     0  libinit2.o(.ARM.Collect$$libinit$$0000000E)
    __rt_lib_init_return                     0x0800023f   Thumb Code     0  libinit2.o(.ARM.Collect$$libinit$$00000033)
    __rt_lib_init_signal_1                   0x0800023f   Thumb Code     0  libinit2.o(.ARM.Collect$$libinit$$0000001D)
    __rt_lib_init_stdio_1                    0x0800023f   Thumb Code     0  libinit2.o(.ARM.Collect$$libinit$$00000025)
    __rt_lib_init_user_alloc_1               0x0800023f   Thumb Code     0  libinit2.o(.ARM.Collect$$libinit$$0000000C)
    __rt_lib_shutdown                        0x08000241   Thumb Code     0  libshutdown.o(.ARM.Collect$$libshutdown$$00000000)
    __rt_lib_shutdown_cpp_1                  0x08000243   Thumb Code     0  libshutdown2.o(.ARM.Collect$$libshutdown$$00000002)
    __rt_lib_shutdown_fp_trap_1              0x08000243   Thumb Code     0  libshutdown2.o(.ARM.Collect$$libshutdown$$00000007)
    __rt_lib_shutdown_heap_1                 0x08000243   Thumb Code     0  libshutdown2.o(.ARM.Collect$$libshutdown$$0000000F)
    __rt_lib_shutdown_return                 0x08000243   Thumb Code     0  libshutdown2.o(.ARM.Collect$$libshutdown$$00000010)
    __rt_lib_shutdown_signal_1               0x08000243   Thumb Code     0  libshutdown2.o(.ARM.Collect$$libshutdown$$0000000A)
    __rt_lib_shutdown_stdio_1                0x08000243   Thumb Code     0  libshutdown2.o(.ARM.Collect$$libshutdown$$00000004)
    __rt_lib_shutdown_user_alloc_1           0x08000243   Thumb Code     0  libshutdown2.o(.ARM.Collect$$libshutdown$$0000000C)
    __rt_entry                               0x08000245   Thumb Code     0  __rtentry.o(.ARM.Collect$$rtentry$$00000000)
    __rt_entry_presh_1                       0x08000245   Thumb Code     0  __rtentry2.o(.ARM.Collect$$rtentry$$00000002)
    __rt_entry_sh                            0x08000245   Thumb Code     0  __rtentry4.o(.ARM.Collect$$rtentry$$00000004)
    __rt_entry_li                            0x0800024b   Thumb Code     0  __rtentry2.o(.ARM.Collect$$rtentry$$0000000A)
    __rt_entry_postsh_1                      0x0800024b   Thumb Code     0  __rtentry2.o(.ARM.Collect$$rtentry$$00000009)
    __rt_entry_main                          0x0800024f   Thumb Code     0  __rtentry2.o(.ARM.Collect$$rtentry$$0000000D)
    __rt_entry_postli_1                      0x0800024f   Thumb Code     0  __rtentry2.o(.ARM.Collect$$rtentry$$0000000C)
    __rt_exit                                0x08000257   Thumb Code     0  rtexit.o(.ARM.Collect$$rtexit$$00000000)
    __rt_exit_ls                             0x08000259   Thumb Code     0  rtexit2.o(.ARM.Collect$$rtexit$$00000003)
    __rt_exit_prels_1                        0x08000259   Thumb Code     0  rtexit2.o(.ARM.Collect$$rtexit$$00000002)
    __rt_exit_exit                           0x0800025d   Thumb Code     0  rtexit2.o(.ARM.Collect$$rtexit$$00000004)
    SVC_Handler                              0x08000265   Thumb Code    28  port.o(.emb_text)
    __asm___6_port_c_39a90d8d__prvStartFirstTask 0x08000285   Thumb Code    36  port.o(.emb_text)
    __asm___6_port_c_39a90d8d__prvEnableVFP  0x080002ad   Thumb Code    16  port.o(.emb_text)
    PendSV_Handler                           0x080002c1   Thumb Code    88  port.o(.emb_text)
    vPortGetIPSR                             0x0800031d   Thumb Code     6  port.o(.emb_text)
    Reset_Handler                            0x08000325   Thumb Code     8  startup_stm32f446xx.o(.text)
    ADC_IRQHandler                           0x0800033f   Thumb Code     0  startup_stm32f446xx.o(.text)
    CAN1_RX1_IRQHandler                      0x0800033f   Thumb Code     0  startup_stm32f446xx.o(.text)
    CAN1_SCE_IRQHandler                      0x0800033f   Thumb Code     0  startup_stm32f446xx.o(.text)
    CAN2_RX1_IRQHandler                      0x0800033f   Thumb Code     0  startup_stm32f446xx.o(.text)
    CAN2_SCE_IRQHandler                      0x0800033f   Thumb Code     0  startup_stm32f446xx.o(.text)
    CEC_IRQHandler                           0x0800033f   Thumb Code     0  startup_stm32f446xx.o(.text)
    DCMI_IRQHandler                          0x0800033f   Thumb Code     0  startup_stm32f446xx.o(.text)
    DMA1_Stream0_IRQHandler                  0x0800033f   Thumb Code     0  startup_stm32f446xx.o(.text)
    DMA1_Stream2_IRQHandler                  0x0800033f   Thumb Code     0  startup_stm32f446xx.o(.text)
    DMA1_Stream3_IRQHandler                  0x0800033f   Thumb Code     0  startup_stm32f446xx.o(.text)
    DMA1_Stream4_IRQHandler                  0x0800033f   Thumb Code     0  startup_stm32f446xx.o(.text)
    DMA1_Stream5_IRQHandler                  0x0800033f   Thumb Code     0  startup_stm32f446xx.o(.text)
    DMA1_Stream6_IRQHandler                  0x0800033f   Thumb Code     0  startup_stm32f446xx.o(.text)
    DMA1_Stream7_IRQHandler                  0x0800033f   Thumb Code     0  startup_stm32f446xx.o(.text)
    DMA2_Stream0_IRQHandler                  0x0800033f   Thumb Code     0  startup_stm32f446xx.o(.text)
    DMA2_Stream1_IRQHandler                  0x0800033f   Thumb Code     0  startup_stm32f446xx.o(.text)
    DMA2_Stream2_IRQHandler                  0x0800033f   Thumb Code     0  startup_stm32f446xx.o(.text)
    DMA2_Stream3_IRQHandler                  0x0800033f   Thumb Code     0  startup_stm32f446xx.o(.text)
    DMA2_Stream4_IRQHandler                  0x0800033f   Thumb Code     0  startup_stm32f446xx.o(.text)
    DMA2_Stream5_IRQHandler                  0x0800033f   Thumb Code     0  startup_stm32f446xx.o(.text)
    DMA2_Stream6_IRQHandler                  0x0800033f   Thumb Code     0  startup_stm32f446xx.o(.text)
    EXTI0_IRQHandler                         0x0800033f   Thumb Code     0  startup_stm32f446xx.o(.text)
    EXTI15_10_IRQHandler                     0x0800033f   Thumb Code     0  startup_stm32f446xx.o(.text)
    EXTI1_IRQHandler                         0x0800033f   Thumb Code     0  startup_stm32f446xx.o(.text)
    EXTI2_IRQHandler                         0x0800033f   Thumb Code     0  startup_stm32f446xx.o(.text)
    EXTI3_IRQHandler                         0x0800033f   Thumb Code     0  startup_stm32f446xx.o(.text)
    EXTI4_IRQHandler                         0x0800033f   Thumb Code     0  startup_stm32f446xx.o(.text)
    EXTI9_5_IRQHandler                       0x0800033f   Thumb Code     0  startup_stm32f446xx.o(.text)
    FLASH_IRQHandler                         0x0800033f   Thumb Code     0  startup_stm32f446xx.o(.text)
    FMC_IRQHandler                           0x0800033f   Thumb Code     0  startup_stm32f446xx.o(.text)
    FMPI2C1_ER_IRQHandler                    0x0800033f   Thumb Code     0  startup_stm32f446xx.o(.text)
    FMPI2C1_EV_IRQHandler                    0x0800033f   Thumb Code     0  startup_stm32f446xx.o(.text)
    FPU_IRQHandler                           0x0800033f   Thumb Code     0  startup_stm32f446xx.o(.text)
    I2C1_ER_IRQHandler                       0x0800033f   Thumb Code     0  startup_stm32f446xx.o(.text)
    I2C1_EV_IRQHandler                       0x0800033f   Thumb Code     0  startup_stm32f446xx.o(.text)
    I2C2_ER_IRQHandler                       0x0800033f   Thumb Code     0  startup_stm32f446xx.o(.text)
    I2C2_EV_IRQHandler                       0x0800033f   Thumb Code     0  startup_stm32f446xx.o(.text)
    I2C3_ER_IRQHandler                       0x0800033f   Thumb Code     0  startup_stm32f446xx.o(.text)
    I2C3_EV_IRQHandler                       0x0800033f   Thumb Code     0  startup_stm32f446xx.o(.text)
    OTG_FS_IRQHandler                        0x0800033f   Thumb Code     0  startup_stm32f446xx.o(.text)
    OTG_FS_WKUP_IRQHandler                   0x0800033f   Thumb Code     0  startup_stm32f446xx.o(.text)
    OTG_HS_EP1_IN_IRQHandler                 0x0800033f   Thumb Code     0  startup_stm32f446xx.o(.text)
    OTG_HS_EP1_OUT_IRQHandler                0x0800033f   Thumb Code     0  startup_stm32f446xx.o(.text)
    OTG_HS_IRQHandler                        0x0800033f   Thumb Code     0  startup_stm32f446xx.o(.text)
    OTG_HS_WKUP_IRQHandler                   0x0800033f   Thumb Code     0  startup_stm32f446xx.o(.text)
    PVD_IRQHandler                           0x0800033f   Thumb Code     0  startup_stm32f446xx.o(.text)
    QUADSPI_IRQHandler                       0x0800033f   Thumb Code     0  startup_stm32f446xx.o(.text)
    RCC_IRQHandler                           0x0800033f   Thumb Code     0  startup_stm32f446xx.o(.text)
    RTC_Alarm_IRQHandler                     0x0800033f   Thumb Code     0  startup_stm32f446xx.o(.text)
    RTC_WKUP_IRQHandler                      0x0800033f   Thumb Code     0  startup_stm32f446xx.o(.text)
    SAI1_IRQHandler                          0x0800033f   Thumb Code     0  startup_stm32f446xx.o(.text)
    SAI2_IRQHandler                          0x0800033f   Thumb Code     0  startup_stm32f446xx.o(.text)
    SDIO_IRQHandler                          0x0800033f   Thumb Code     0  startup_stm32f446xx.o(.text)
    SPDIF_RX_IRQHandler                      0x0800033f   Thumb Code     0  startup_stm32f446xx.o(.text)
    SPI1_IRQHandler                          0x0800033f   Thumb Code     0  startup_stm32f446xx.o(.text)
    SPI2_IRQHandler                          0x0800033f   Thumb Code     0  startup_stm32f446xx.o(.text)
    SPI3_IRQHandler                          0x0800033f   Thumb Code     0  startup_stm32f446xx.o(.text)
    SPI4_IRQHandler                          0x0800033f   Thumb Code     0  startup_stm32f446xx.o(.text)
    TAMP_STAMP_IRQHandler                    0x0800033f   Thumb Code     0  startup_stm32f446xx.o(.text)
    TIM1_BRK_TIM9_IRQHandler                 0x0800033f   Thumb Code     0  startup_stm32f446xx.o(.text)
    TIM1_CC_IRQHandler                       0x0800033f   Thumb Code     0  startup_stm32f446xx.o(.text)
    TIM1_TRG_COM_TIM11_IRQHandler            0x0800033f   Thumb Code     0  startup_stm32f446xx.o(.text)
    TIM1_UP_TIM10_IRQHandler                 0x0800033f   Thumb Code     0  startup_stm32f446xx.o(.text)
    TIM2_IRQHandler                          0x0800033f   Thumb Code     0  startup_stm32f446xx.o(.text)
    TIM3_IRQHandler                          0x0800033f   Thumb Code     0  startup_stm32f446xx.o(.text)
    TIM4_IRQHandler                          0x0800033f   Thumb Code     0  startup_stm32f446xx.o(.text)
    TIM5_IRQHandler                          0x0800033f   Thumb Code     0  startup_stm32f446xx.o(.text)
    TIM6_DAC_IRQHandler                      0x0800033f   Thumb Code     0  startup_stm32f446xx.o(.text)
    TIM7_IRQHandler                          0x0800033f   Thumb Code     0  startup_stm32f446xx.o(.text)
    TIM8_BRK_TIM12_IRQHandler                0x0800033f   Thumb Code     0  startup_stm32f446xx.o(.text)
    TIM8_CC_IRQHandler                       0x0800033f   Thumb Code     0  startup_stm32f446xx.o(.text)
    TIM8_TRG_COM_TIM14_IRQHandler            0x0800033f   Thumb Code     0  startup_stm32f446xx.o(.text)
    TIM8_UP_TIM13_IRQHandler                 0x0800033f   Thumb Code     0  startup_stm32f446xx.o(.text)
    UART4_IRQHandler                         0x0800033f   Thumb Code     0  startup_stm32f446xx.o(.text)
    UART5_IRQHandler                         0x0800033f   Thumb Code     0  startup_stm32f446xx.o(.text)
    USART1_IRQHandler                        0x0800033f   Thumb Code     0  startup_stm32f446xx.o(.text)
    USART2_IRQHandler                        0x0800033f   Thumb Code     0  startup_stm32f446xx.o(.text)
    USART6_IRQHandler                        0x0800033f   Thumb Code     0  startup_stm32f446xx.o(.text)
    WWDG_IRQHandler                          0x0800033f   Thumb Code     0  startup_stm32f446xx.o(.text)
    __user_initial_stackheap                 0x08000341   Thumb Code     0  startup_stm32f446xx.o(.text)
    __aeabi_uldivmod                         0x08000365   Thumb Code     0  lludivv7m.o(.text)
    _ll_udiv                                 0x08000365   Thumb Code   238  lludivv7m.o(.text)
    __aeabi_memcpy4                          0x08000453   Thumb Code     0  rt_memcpy_w.o(.text)
    __aeabi_memcpy8                          0x08000453   Thumb Code     0  rt_memcpy_w.o(.text)
    __rt_memcpy_w                            0x08000453   Thumb Code   100  rt_memcpy_w.o(.text)
    _memcpy_lastbytes_aligned                0x0800049b   Thumb Code     0  rt_memcpy_w.o(.text)
    __aeabi_memclr4                          0x080004b7   Thumb Code     0  rt_memclr_w.o(.text)
    __aeabi_memclr8                          0x080004b7   Thumb Code     0  rt_memclr_w.o(.text)
    __rt_memclr_w                            0x080004b7   Thumb Code    78  rt_memclr_w.o(.text)
    _memset_w                                0x080004bb   Thumb Code     0  rt_memclr_w.o(.text)
    __use_two_region_memory                  0x08000505   Thumb Code     2  heapauxi.o(.text)
    __rt_heap_escrow$2region                 0x08000507   Thumb Code     2  heapauxi.o(.text)
    __rt_heap_expand$2region                 0x08000509   Thumb Code     2  heapauxi.o(.text)
    __user_setup_stackheap                   0x0800050b   Thumb Code    74  sys_stackheap_outer.o(.text)
    exit                                     0x08000555   Thumb Code    18  exit.o(.text)
    __user_libspace                          0x08000569   Thumb Code     8  libspace.o(.text)
    __user_perproc_libspace                  0x08000569   Thumb Code     0  libspace.o(.text)
    __user_perthread_libspace                0x08000569   Thumb Code     0  libspace.o(.text)
    _sys_exit                                0x08000571   Thumb Code     8  sys_exit.o(.text)
    __I$use$semihosting                      0x0800057d   Thumb Code     0  use_no_semi.o(.text)
    __use_no_semihosting_swi                 0x0800057d   Thumb Code     2  use_no_semi.o(.text)
    BusFault_Handler                         0x0800057f   Thumb Code     2  stm32f4xx_it.o(i.BusFault_Handler)
    __semihosting_library_function           0x0800057f   Thumb Code     0  indicate_semi.o(.text)
    CAN1_RX0_IRQHandler                      0x08000581   Thumb Code     6  stm32f4xx_it.o(i.CAN1_RX0_IRQHandler)
    CAN1_TX_IRQHandler                       0x0800058d   Thumb Code     6  stm32f4xx_it.o(i.CAN1_TX_IRQHandler)
    CAN2_RX0_IRQHandler                      0x08000599   Thumb Code     6  stm32f4xx_it.o(i.CAN2_RX0_IRQHandler)
    CAN2_TX_IRQHandler                       0x080005a5   Thumb Code     6  stm32f4xx_it.o(i.CAN2_TX_IRQHandler)
    DMA1_Stream1_IRQHandler                  0x080005b1   Thumb Code     6  stm32f4xx_it.o(i.DMA1_Stream1_IRQHandler)
    DMA2_Stream7_IRQHandler                  0x080005bd   Thumb Code     6  stm32f4xx_it.o(i.DMA2_Stream7_IRQHandler)
    Dart_task                                0x08000645   Thumb Code   132  dart_task.o(i.Dart_task)
    DebugMon_Handler                         0x080006d9   Thumb Code     2  stm32f4xx_it.o(i.DebugMon_Handler)
    Error_Handler                            0x080006db   Thumb Code     4  main.o(i.Error_Handler)
    Friction_task                            0x080006e1   Thumb Code   196  friction_task.o(i.Friction_task)
    HAL_CAN_ActivateNotification             0x080007c9   Thumb Code    36  stm32f4xx_hal_can.o(i.HAL_CAN_ActivateNotification)
    HAL_CAN_AddTxMessage                     0x080007ed   Thumb Code   200  stm32f4xx_hal_can.o(i.HAL_CAN_AddTxMessage)
    HAL_CAN_ConfigFilter                     0x080008b5   Thumb Code   262  stm32f4xx_hal_can.o(i.HAL_CAN_ConfigFilter)
    HAL_CAN_ErrorCallback                    0x080009c1   Thumb Code     2  stm32f4xx_hal_can.o(i.HAL_CAN_ErrorCallback)
    HAL_CAN_GetRxMessage                     0x080009c3   Thumb Code   232  stm32f4xx_hal_can.o(i.HAL_CAN_GetRxMessage)
    HAL_CAN_IRQHandler                       0x08000aab   Thumb Code   508  stm32f4xx_hal_can.o(i.HAL_CAN_IRQHandler)
    HAL_CAN_Init                             0x08000ca7   Thumb Code   282  stm32f4xx_hal_can.o(i.HAL_CAN_Init)
    HAL_CAN_MspInit                          0x08000dc1   Thumb Code   272  can.o(i.HAL_CAN_MspInit)
    HAL_CAN_RxFifo0FullCallback              0x08000ee5   Thumb Code     2  stm32f4xx_hal_can.o(i.HAL_CAN_RxFifo0FullCallback)
    HAL_CAN_RxFifo0MsgPendingCallback        0x08000ee9   Thumb Code   258  can_user.o(i.HAL_CAN_RxFifo0MsgPendingCallback)
    HAL_CAN_RxFifo1FullCallback              0x08001001   Thumb Code     2  stm32f4xx_hal_can.o(i.HAL_CAN_RxFifo1FullCallback)
    HAL_CAN_RxFifo1MsgPendingCallback        0x08001003   Thumb Code     2  stm32f4xx_hal_can.o(i.HAL_CAN_RxFifo1MsgPendingCallback)
    HAL_CAN_SleepCallback                    0x08001005   Thumb Code     2  stm32f4xx_hal_can.o(i.HAL_CAN_SleepCallback)
    HAL_CAN_Start                            0x08001009   Thumb Code    88  stm32f4xx_hal_can.o(i.HAL_CAN_Start)
    HAL_CAN_TxMailbox0AbortCallback          0x08001061   Thumb Code     2  stm32f4xx_hal_can.o(i.HAL_CAN_TxMailbox0AbortCallback)
    HAL_CAN_TxMailbox0CompleteCallback       0x08001063   Thumb Code     2  stm32f4xx_hal_can.o(i.HAL_CAN_TxMailbox0CompleteCallback)
    HAL_CAN_TxMailbox1AbortCallback          0x08001065   Thumb Code     2  stm32f4xx_hal_can.o(i.HAL_CAN_TxMailbox1AbortCallback)
    HAL_CAN_TxMailbox1CompleteCallback       0x08001067   Thumb Code     2  stm32f4xx_hal_can.o(i.HAL_CAN_TxMailbox1CompleteCallback)
    HAL_CAN_TxMailbox2AbortCallback          0x08001069   Thumb Code     2  stm32f4xx_hal_can.o(i.HAL_CAN_TxMailbox2AbortCallback)
    HAL_CAN_TxMailbox2CompleteCallback       0x0800106b   Thumb Code     2  stm32f4xx_hal_can.o(i.HAL_CAN_TxMailbox2CompleteCallback)
    HAL_CAN_WakeUpFromRxMsgCallback          0x0800106d   Thumb Code     2  stm32f4xx_hal_can.o(i.HAL_CAN_WakeUpFromRxMsgCallback)
    HAL_DMA_IRQHandler                       0x08001071   Thumb Code   412  stm32f4xx_hal_dma.o(i.HAL_DMA_IRQHandler)
    HAL_DMA_Init                             0x08001211   Thumb Code   206  stm32f4xx_hal_dma.o(i.HAL_DMA_Init)
    HAL_GPIO_Init                            0x080012e5   Thumb Code   436  stm32f4xx_hal_gpio.o(i.HAL_GPIO_Init)
    HAL_GPIO_ReadPin                         0x080014c1   Thumb Code    10  stm32f4xx_hal_gpio.o(i.HAL_GPIO_ReadPin)
    HAL_GPIO_WritePin                        0x080014cb   Thumb Code    10  stm32f4xx_hal_gpio.o(i.HAL_GPIO_WritePin)
    HAL_GetTick                              0x080014d5   Thumb Code     6  stm32f4xx_hal.o(i.HAL_GetTick)
    HAL_IncTick                              0x080014e1   Thumb Code    12  stm32f4xx_hal.o(i.HAL_IncTick)
    HAL_Init                                 0x080014f1   Thumb Code    48  stm32f4xx_hal.o(i.HAL_Init)
    HAL_InitTick                             0x08001525   Thumb Code    54  stm32f4xx_hal.o(i.HAL_InitTick)
    HAL_MspInit                              0x08001565   Thumb Code    52  stm32f4xx_hal_msp.o(i.HAL_MspInit)
    HAL_NVIC_EnableIRQ                       0x0800159d   Thumb Code    26  stm32f4xx_hal_cortex.o(i.HAL_NVIC_EnableIRQ)
    HAL_NVIC_SetPriority                     0x080015b9   Thumb Code    60  stm32f4xx_hal_cortex.o(i.HAL_NVIC_SetPriority)
    HAL_NVIC_SetPriorityGrouping             0x080015f9   Thumb Code    26  stm32f4xx_hal_cortex.o(i.HAL_NVIC_SetPriorityGrouping)
    HAL_RCC_ClockConfig                      0x0800161d   Thumb Code   288  stm32f4xx_hal_rcc.o(i.HAL_RCC_ClockConfig)
    HAL_RCC_GetPCLK1Freq                     0x08001751   Thumb Code    20  stm32f4xx_hal_rcc.o(i.HAL_RCC_GetPCLK1Freq)
    HAL_RCC_GetPCLK2Freq                     0x08001771   Thumb Code    20  stm32f4xx_hal_rcc.o(i.HAL_RCC_GetPCLK2Freq)
    HAL_RCC_GetSysClockFreq                  0x08001791   Thumb Code   140  stm32f4xx_hal_rcc_ex.o(i.HAL_RCC_GetSysClockFreq)
    HAL_RCC_OscConfig                        0x08001829   Thumb Code   900  stm32f4xx_hal_rcc_ex.o(i.HAL_RCC_OscConfig)
    HAL_SYSTICK_Config                       0x08001bc1   Thumb Code    40  stm32f4xx_hal_cortex.o(i.HAL_SYSTICK_Config)
    HAL_UART_Init                            0x08001be9   Thumb Code    98  stm32f4xx_hal_uart.o(i.HAL_UART_Init)
    HAL_UART_MspInit                         0x08001c4d   Thumb Code   308  usart.o(i.HAL_UART_MspInit)
    HardFault_Handler                        0x08001da5   Thumb Code     2  stm32f4xx_it.o(i.HardFault_Handler)
    MX_CAN1_Init                             0x08001da9   Thumb Code    60  can.o(i.MX_CAN1_Init)
    MX_CAN2_Init                             0x08001ded   Thumb Code    60  can.o(i.MX_CAN2_Init)
    MX_DMA_Init                              0x08001e31   Thumb Code    72  dma.o(i.MX_DMA_Init)
    MX_FREERTOS_Init                         0x08001e7d   Thumb Code    74  freertos.o(i.MX_FREERTOS_Init)
    MX_GPIO_Init                             0x08001ed1   Thumb Code   134  gpio.o(i.MX_GPIO_Init)
    MX_USART1_UART_Init                      0x08001f61   Thumb Code    48  usart.o(i.MX_USART1_UART_Init)
    MX_USART3_UART_Init                      0x08001f99   Thumb Code    46  usart.o(i.MX_USART3_UART_Init)
    MemManage_Handler                        0x08001fd5   Thumb Code     2  stm32f4xx_it.o(i.MemManage_Handler)
    NMI_Handler                              0x08001fd7   Thumb Code     2  stm32f4xx_it.o(i.NMI_Handler)
    RC_init                                  0x08001fd9   Thumb Code    84  bsp_rc.o(i.RC_init)
    StartDefaultTask                         0x08002039   Thumb Code     8  freertos.o(i.StartDefaultTask)
    SysTick_Handler                          0x08002041   Thumb Code    24  stm32f4xx_it.o(i.SysTick_Handler)
    SystemClock_Config                       0x08002059   Thumb Code   140  main.o(i.SystemClock_Config)
    SystemInit                               0x080020ed   Thumb Code    12  system_stm32f4xx.o(i.SystemInit)
    USART3_IRQHandler                        0x08002209   Thumb Code   156  remote_control.o(i.USART3_IRQHandler)
    UsageFault_Handler                       0x080022bd   Thumb Code     2  stm32f4xx_it.o(i.UsageFault_Handler)
    can1_cmd_motor                           0x080023f5   Thumb Code    70  can_user.o(i.can1_cmd_motor)
    can2_cmd_motor                           0x08002449   Thumb Code    70  can_user.o(i.can2_cmd_motor)
    can_filter_init                          0x0800249d   Thumb Code    80  bsp_can.o(i.can_filter_init)
    get_switch                               0x080025c1   Thumb Code    40  switch.o(i.get_switch)
    main                                     0x080025ed   Thumb Code    50  main.o(i.main)
    motor_2006_calc                          0x08002729   Thumb Code   128  motor.o(i.motor_2006_calc)
    motor_2006_push_calc                     0x080027c1   Thumb Code   128  motor.o(i.motor_2006_push_calc)
    motor_calc                               0x08002859   Thumb Code    36  motor.o(i.motor_calc)
    motor_init                               0x0800287d   Thumb Code    26  motor.o(i.motor_init)
    motor_pitch_calc                         0x0800289d   Thumb Code   128  motor.o(i.motor_pitch_calc)
    motor_yaw_calc                           0x08002935   Thumb Code   128  motor.o(i.motor_yaw_calc)
    osDelay                                  0x080029cd   Thumb Code    14  cmsis_os.o(i.osDelay)
    osKernelStart                            0x080029db   Thumb Code    10  cmsis_os.o(i.osKernelStart)
    osThreadCreate                           0x080029e5   Thumb Code    84  cmsis_os.o(i.osThreadCreate)
    pid_calc                                 0x08002a39   Thumb Code   166  pid.o(i.pid_calc)
    pid_init                                 0x08002adf   Thumb Code    34  pid.o(i.pid_init)
    pvPortMalloc                             0x08002e4d   Thumb Code   216  heap_4.o(i.pvPortMalloc)
    pxPortInitialiseStack                    0x08002f29   Thumb Code    40  port.o(i.pxPortInitialiseStack)
    remote_control_init                      0x08002f55   Thumb Code    12  remote_control.o(i.remote_control_init)
    uxListRemove                             0x080030d5   Thumb Code    38  list.o(i.uxListRemove)
    vApplicationGetIdleTaskMemory            0x080030fd   Thumb Code    16  freertos.o(i.vApplicationGetIdleTaskMemory)
    vListInitialise                          0x08003111   Thumb Code    22  list.o(i.vListInitialise)
    vListInitialiseItem                      0x08003127   Thumb Code     6  list.o(i.vListInitialiseItem)
    vListInsert                              0x0800312d   Thumb Code    48  list.o(i.vListInsert)
    vListInsertEnd                           0x0800315d   Thumb Code    24  list.o(i.vListInsertEnd)
    vPortEnterCritical                       0x08003175   Thumb Code    54  port.o(i.vPortEnterCritical)
    vPortExitCritical                        0x080031b5   Thumb Code    34  port.o(i.vPortExitCritical)
    vPortFree                                0x080031dd   Thumb Code    94  heap_4.o(i.vPortFree)
    vPortSetupTimerInterrupt                 0x08003241   Thumb Code    32  port.o(i.vPortSetupTimerInterrupt)
    vTaskDelay                               0x08003265   Thumb Code    66  tasks.o(i.vTaskDelay)
    vTaskStartScheduler                      0x080032b1   Thumb Code    90  tasks.o(i.vTaskStartScheduler)
    vTaskSuspendAll                          0x0800331d   Thumb Code    10  tasks.o(i.vTaskSuspendAll)
    vTaskSwitchContext                       0x0800332d   Thumb Code    82  tasks.o(i.vTaskSwitchContext)
    xPortStartScheduler                      0x08003389   Thumb Code   222  port.o(i.xPortStartScheduler)
    xPortSysTickHandler                      0x0800347d   Thumb Code    38  port.o(i.xPortSysTickHandler)
    xTaskCreate                              0x080034a9   Thumb Code    90  tasks.o(i.xTaskCreate)
    xTaskCreateStatic                        0x08003503   Thumb Code    86  tasks.o(i.xTaskCreateStatic)
    xTaskGetSchedulerState                   0x08003559   Thumb Code    22  tasks.o(i.xTaskGetSchedulerState)
    xTaskIncrementTick                       0x08003575   Thumb Code   194  tasks.o(i.xTaskIncrementTick)
    xTaskResumeAll                           0x08003641   Thumb Code   182  tasks.o(i.xTaskResumeAll)
    _fp_init                                 0x08003705   Thumb Code    10  fpinit.o(x$fpl$fpinit)
    __fplib_config_fpu_vfp                   0x0800370d   Thumb Code     0  fpinit.o(x$fpl$fpinit)
    __fplib_config_pureend_doubles           0x0800370d   Thumb Code     0  fpinit.o(x$fpl$fpinit)
    AHBPrescTable                            0x0800376c   Data          16  system_stm32f4xx.o(.constdata)
    APBPrescTable                            0x0800377c   Data           8  system_stm32f4xx.o(.constdata)
    Region$$Table$$Base                      0x080037a4   Number         0  anon$$obj.o(Region$$Table)
    Region$$Table$$Limit                     0x080037c4   Number         0  anon$$obj.o(Region$$Table)
    defaultTaskHandle                        0x20000000   Data           4  freertos.o(.data)
    DartHandle                               0x20000004   Data           4  freertos.o(.data)
    FrictionHandle                           0x20000008   Data           4  freertos.o(.data)
    uwTickFreq                               0x20000010   Data           1  stm32f4xx_hal.o(.data)
    uwTickPrio                               0x20000014   Data           4  stm32f4xx_hal.o(.data)
    uwTick                                   0x20000018   Data           4  stm32f4xx_hal.o(.data)
    SystemCoreClock                          0x2000001c   Data           4  system_stm32f4xx.o(.data)
    flag                                     0x20000020   Data           4  dart_task.o(.data)
    motor_speed_pid                          0x20000024   Data          12  dart_task.o(.data)
    ramp                                     0x20000030   Data           8  friction_task.o(.data)
    motor_speed_pid_2006                     0x20000038   Data          12  friction_task.o(.data)
    motor_pos_pid_2006                       0x20000044   Data          12  friction_task.o(.data)
    can1_rx_data                             0x20000052   Data           8  can_user.o(.data)
    can2_rx_data                             0x2000005a   Data           8  can_user.o(.data)
    pxCurrentTCB                             0x2000006c   Data           4  tasks.o(.data)
    hcan1                                    0x20000328   Data          40  can.o(.bss)
    hcan2                                    0x20000350   Data          40  can.o(.bss)
    huart1                                   0x20000378   Data          68  usart.o(.bss)
    huart3                                   0x200003bc   Data          68  usart.o(.bss)
    hdma_usart1_tx                           0x20000400   Data          96  usart.o(.bss)
    hdma_usart3_rx                           0x20000460   Data          96  usart.o(.bss)
    rc_ctrl                                  0x200004c0   Data          22  remote_control.o(.bss)
    can1_rx_header                           0x20000520   Data          28  can_user.o(.bss)
    can2_rx_header                           0x2000053c   Data          28  can_user.o(.bss)
    dart                                     0x20004260   Data        1088  motor.o(.bss)
    __libspace_start                         0x200046a0   Data          96  libspace.o(.bss)
    __temporary_stack_top$libspace           0x20004700   Data           0  libspace.o(.bss)



==============================================================================

Memory Map of the image

  Image Entry point : 0x080001c5

  Load Region LR_IROM1 (Base: 0x08000000, Size: 0x00003898, Max: 0x00040000, ABSOLUTE)

    Execution Region ER_IROM1 (Exec base: 0x08000000, Load base: 0x08000000, Size: 0x000037c4, Max: 0x00040000, ABSOLUTE)

    Exec Addr    Load Addr    Size         Type   Attr      Idx    E Section Name        Object

    0x08000000   0x08000000   0x000001c4   Data   RO            3    RESET               startup_stm32f446xx.o
    0x080001c4   0x080001c4   0x00000008   Code   RO         4258  * !!!main             c_w.l(__main.o)
    0x080001cc   0x080001cc   0x00000034   Code   RO         4427    !!!scatter          c_w.l(__scatter.o)
    0x08000200   0x08000200   0x0000001a   Code   RO         4429    !!handler_copy      c_w.l(__scatter_copy.o)
    0x0800021a   0x0800021a   0x00000002   PAD
    0x0800021c   0x0800021c   0x0000001c   Code   RO         4431    !!handler_zi        c_w.l(__scatter_zi.o)
    0x08000238   0x08000238   0x00000002   Code   RO         4297    .ARM.Collect$$libinit$$00000000  c_w.l(libinit.o)
    0x0800023a   0x0800023a   0x00000004   Code   RO         4309    .ARM.Collect$$libinit$$00000001  c_w.l(libinit2.o)
    0x0800023e   0x0800023e   0x00000000   Code   RO         4312    .ARM.Collect$$libinit$$00000004  c_w.l(libinit2.o)
    0x0800023e   0x0800023e   0x00000000   Code   RO         4315    .ARM.Collect$$libinit$$0000000A  c_w.l(libinit2.o)
    0x0800023e   0x0800023e   0x00000000   Code   RO         4317    .ARM.Collect$$libinit$$0000000C  c_w.l(libinit2.o)
    0x0800023e   0x0800023e   0x00000000   Code   RO         4319    .ARM.Collect$$libinit$$0000000E  c_w.l(libinit2.o)
    0x0800023e   0x0800023e   0x00000000   Code   RO         4322    .ARM.Collect$$libinit$$00000011  c_w.l(libinit2.o)
    0x0800023e   0x0800023e   0x00000000   Code   RO         4324    .ARM.Collect$$libinit$$00000013  c_w.l(libinit2.o)
    0x0800023e   0x0800023e   0x00000000   Code   RO         4326    .ARM.Collect$$libinit$$00000015  c_w.l(libinit2.o)
    0x0800023e   0x0800023e   0x00000000   Code   RO         4328    .ARM.Collect$$libinit$$00000017  c_w.l(libinit2.o)
    0x0800023e   0x0800023e   0x00000000   Code   RO         4330    .ARM.Collect$$libinit$$00000019  c_w.l(libinit2.o)
    0x0800023e   0x0800023e   0x00000000   Code   RO         4332    .ARM.Collect$$libinit$$0000001B  c_w.l(libinit2.o)
    0x0800023e   0x0800023e   0x00000000   Code   RO         4334    .ARM.Collect$$libinit$$0000001D  c_w.l(libinit2.o)
    0x0800023e   0x0800023e   0x00000000   Code   RO         4336    .ARM.Collect$$libinit$$0000001F  c_w.l(libinit2.o)
    0x0800023e   0x0800023e   0x00000000   Code   RO         4338    .ARM.Collect$$libinit$$00000021  c_w.l(libinit2.o)
    0x0800023e   0x0800023e   0x00000000   Code   RO         4340    .ARM.Collect$$libinit$$00000023  c_w.l(libinit2.o)
    0x0800023e   0x0800023e   0x00000000   Code   RO         4342    .ARM.Collect$$libinit$$00000025  c_w.l(libinit2.o)
    0x0800023e   0x0800023e   0x00000000   Code   RO         4346    .ARM.Collect$$libinit$$0000002C  c_w.l(libinit2.o)
    0x0800023e   0x0800023e   0x00000000   Code   RO         4348    .ARM.Collect$$libinit$$0000002E  c_w.l(libinit2.o)
    0x0800023e   0x0800023e   0x00000000   Code   RO         4350    .ARM.Collect$$libinit$$00000030  c_w.l(libinit2.o)
    0x0800023e   0x0800023e   0x00000000   Code   RO         4352    .ARM.Collect$$libinit$$00000032  c_w.l(libinit2.o)
    0x0800023e   0x0800023e   0x00000002   Code   RO         4353    .ARM.Collect$$libinit$$00000033  c_w.l(libinit2.o)
    0x08000240   0x08000240   0x00000002   Code   RO         4384    .ARM.Collect$$libshutdown$$00000000  c_w.l(libshutdown.o)
    0x08000242   0x08000242   0x00000000   Code   RO         4410    .ARM.Collect$$libshutdown$$00000002  c_w.l(libshutdown2.o)
    0x08000242   0x08000242   0x00000000   Code   RO         4412    .ARM.Collect$$libshutdown$$00000004  c_w.l(libshutdown2.o)
    0x08000242   0x08000242   0x00000000   Code   RO         4415    .ARM.Collect$$libshutdown$$00000007  c_w.l(libshutdown2.o)
    0x08000242   0x08000242   0x00000000   Code   RO         4418    .ARM.Collect$$libshutdown$$0000000A  c_w.l(libshutdown2.o)
    0x08000242   0x08000242   0x00000000   Code   RO         4420    .ARM.Collect$$libshutdown$$0000000C  c_w.l(libshutdown2.o)
    0x08000242   0x08000242   0x00000000   Code   RO         4423    .ARM.Collect$$libshutdown$$0000000F  c_w.l(libshutdown2.o)
    0x08000242   0x08000242   0x00000002   Code   RO         4424    .ARM.Collect$$libshutdown$$00000010  c_w.l(libshutdown2.o)
    0x08000244   0x08000244   0x00000000   Code   RO         4260    .ARM.Collect$$rtentry$$00000000  c_w.l(__rtentry.o)
    0x08000244   0x08000244   0x00000000   Code   RO         4268    .ARM.Collect$$rtentry$$00000002  c_w.l(__rtentry2.o)
    0x08000244   0x08000244   0x00000006   Code   RO         4280    .ARM.Collect$$rtentry$$00000004  c_w.l(__rtentry4.o)
    0x0800024a   0x0800024a   0x00000000   Code   RO         4270    .ARM.Collect$$rtentry$$00000009  c_w.l(__rtentry2.o)
    0x0800024a   0x0800024a   0x00000004   Code   RO         4271    .ARM.Collect$$rtentry$$0000000A  c_w.l(__rtentry2.o)
    0x0800024e   0x0800024e   0x00000000   Code   RO         4273    .ARM.Collect$$rtentry$$0000000C  c_w.l(__rtentry2.o)
    0x0800024e   0x0800024e   0x00000008   Code   RO         4274    .ARM.Collect$$rtentry$$0000000D  c_w.l(__rtentry2.o)
    0x08000256   0x08000256   0x00000002   Code   RO         4301    .ARM.Collect$$rtexit$$00000000  c_w.l(rtexit.o)
    0x08000258   0x08000258   0x00000000   Code   RO         4357    .ARM.Collect$$rtexit$$00000002  c_w.l(rtexit2.o)
    0x08000258   0x08000258   0x00000004   Code   RO         4358    .ARM.Collect$$rtexit$$00000003  c_w.l(rtexit2.o)
    0x0800025c   0x0800025c   0x00000006   Code   RO         4359    .ARM.Collect$$rtexit$$00000004  c_w.l(rtexit2.o)
    0x08000262   0x08000262   0x00000002   PAD
    0x08000264   0x08000264   0x000000be   Code   RO         4089    .emb_text           port.o
    0x08000322   0x08000322   0x00000002   PAD
    0x08000324   0x08000324   0x00000040   Code   RO            4    .text               startup_stm32f446xx.o
    0x08000364   0x08000364   0x000000ee   Code   RO         4246    .text               c_w.l(lludivv7m.o)
    0x08000452   0x08000452   0x00000064   Code   RO         4250    .text               c_w.l(rt_memcpy_w.o)
    0x080004b6   0x080004b6   0x0000004e   Code   RO         4254    .text               c_w.l(rt_memclr_w.o)
    0x08000504   0x08000504   0x00000006   Code   RO         4256    .text               c_w.l(heapauxi.o)
    0x0800050a   0x0800050a   0x0000004a   Code   RO         4284    .text               c_w.l(sys_stackheap_outer.o)
    0x08000554   0x08000554   0x00000012   Code   RO         4286    .text               c_w.l(exit.o)
    0x08000566   0x08000566   0x00000002   PAD
    0x08000568   0x08000568   0x00000008   Code   RO         4298    .text               c_w.l(libspace.o)
    0x08000570   0x08000570   0x0000000c   Code   RO         4354    .text               c_w.l(sys_exit.o)
    0x0800057c   0x0800057c   0x00000002   Code   RO         4373    .text               c_w.l(use_no_semi.o)
    0x0800057e   0x0800057e   0x00000000   Code   RO         4375    .text               c_w.l(indicate_semi.o)
    0x0800057e   0x0800057e   0x00000002   Code   RO          407    i.BusFault_Handler  stm32f4xx_it.o
    0x08000580   0x08000580   0x0000000c   Code   RO          408    i.CAN1_RX0_IRQHandler  stm32f4xx_it.o
    0x0800058c   0x0800058c   0x0000000c   Code   RO          409    i.CAN1_TX_IRQHandler  stm32f4xx_it.o
    0x08000598   0x08000598   0x0000000c   Code   RO          410    i.CAN2_RX0_IRQHandler  stm32f4xx_it.o
    0x080005a4   0x080005a4   0x0000000c   Code   RO          411    i.CAN2_TX_IRQHandler  stm32f4xx_it.o
    0x080005b0   0x080005b0   0x0000000c   Code   RO          412    i.DMA1_Stream1_IRQHandler  stm32f4xx_it.o
    0x080005bc   0x080005bc   0x0000000c   Code   RO          413    i.DMA2_Stream7_IRQHandler  stm32f4xx_it.o
    0x080005c8   0x080005c8   0x00000028   Code   RO         1314    i.DMA_CalcBaseAndBitshift  stm32f4xx_hal_dma.o
    0x080005f0   0x080005f0   0x00000054   Code   RO         1315    i.DMA_CheckFifoParam  stm32f4xx_hal_dma.o
    0x08000644   0x08000644   0x00000094   Code   RO         2436    i.Dart_task         dart_task.o
    0x080006d8   0x080006d8   0x00000002   Code   RO          414    i.DebugMon_Handler  stm32f4xx_it.o
    0x080006da   0x080006da   0x00000004   Code   RO           13    i.Error_Handler     main.o
    0x080006de   0x080006de   0x00000002   PAD
    0x080006e0   0x080006e0   0x000000e8   Code   RO         2497    i.Friction_task     friction_task.o
    0x080007c8   0x080007c8   0x00000024   Code   RO          538    i.HAL_CAN_ActivateNotification  stm32f4xx_hal_can.o
    0x080007ec   0x080007ec   0x000000c8   Code   RO          539    i.HAL_CAN_AddTxMessage  stm32f4xx_hal_can.o
    0x080008b4   0x080008b4   0x0000010c   Code   RO          540    i.HAL_CAN_ConfigFilter  stm32f4xx_hal_can.o
    0x080009c0   0x080009c0   0x00000002   Code   RO          543    i.HAL_CAN_ErrorCallback  stm32f4xx_hal_can.o
    0x080009c2   0x080009c2   0x000000e8   Code   RO          546    i.HAL_CAN_GetRxMessage  stm32f4xx_hal_can.o
    0x08000aaa   0x08000aaa   0x000001fc   Code   RO          550    i.HAL_CAN_IRQHandler  stm32f4xx_hal_can.o
    0x08000ca6   0x08000ca6   0x0000011a   Code   RO          551    i.HAL_CAN_Init      stm32f4xx_hal_can.o
    0x08000dc0   0x08000dc0   0x00000124   Code   RO          287    i.HAL_CAN_MspInit   can.o
    0x08000ee4   0x08000ee4   0x00000002   Code   RO          558    i.HAL_CAN_RxFifo0FullCallback  stm32f4xx_hal_can.o
    0x08000ee6   0x08000ee6   0x00000002   PAD
    0x08000ee8   0x08000ee8   0x00000118   Code   RO         2650    i.HAL_CAN_RxFifo0MsgPendingCallback  can_user.o
    0x08001000   0x08001000   0x00000002   Code   RO          560    i.HAL_CAN_RxFifo1FullCallback  stm32f4xx_hal_can.o
    0x08001002   0x08001002   0x00000002   Code   RO          561    i.HAL_CAN_RxFifo1MsgPendingCallback  stm32f4xx_hal_can.o
    0x08001004   0x08001004   0x00000002   Code   RO          562    i.HAL_CAN_SleepCallback  stm32f4xx_hal_can.o
    0x08001006   0x08001006   0x00000002   PAD
    0x08001008   0x08001008   0x00000058   Code   RO          563    i.HAL_CAN_Start     stm32f4xx_hal_can.o
    0x08001060   0x08001060   0x00000002   Code   RO          565    i.HAL_CAN_TxMailbox0AbortCallback  stm32f4xx_hal_can.o
    0x08001062   0x08001062   0x00000002   Code   RO          566    i.HAL_CAN_TxMailbox0CompleteCallback  stm32f4xx_hal_can.o
    0x08001064   0x08001064   0x00000002   Code   RO          567    i.HAL_CAN_TxMailbox1AbortCallback  stm32f4xx_hal_can.o
    0x08001066   0x08001066   0x00000002   Code   RO          568    i.HAL_CAN_TxMailbox1CompleteCallback  stm32f4xx_hal_can.o
    0x08001068   0x08001068   0x00000002   Code   RO          569    i.HAL_CAN_TxMailbox2AbortCallback  stm32f4xx_hal_can.o
    0x0800106a   0x0800106a   0x00000002   Code   RO          570    i.HAL_CAN_TxMailbox2CompleteCallback  stm32f4xx_hal_can.o
    0x0800106c   0x0800106c   0x00000002   Code   RO          572    i.HAL_CAN_WakeUpFromRxMsgCallback  stm32f4xx_hal_can.o
    0x0800106e   0x0800106e   0x00000002   PAD
    0x08001070   0x08001070   0x000001a0   Code   RO         1322    i.HAL_DMA_IRQHandler  stm32f4xx_hal_dma.o
    0x08001210   0x08001210   0x000000d4   Code   RO         1323    i.HAL_DMA_Init      stm32f4xx_hal_dma.o
    0x080012e4   0x080012e4   0x000001dc   Code   RO         1210    i.HAL_GPIO_Init     stm32f4xx_hal_gpio.o
    0x080014c0   0x080014c0   0x0000000a   Code   RO         1212    i.HAL_GPIO_ReadPin  stm32f4xx_hal_gpio.o
    0x080014ca   0x080014ca   0x0000000a   Code   RO         1214    i.HAL_GPIO_WritePin  stm32f4xx_hal_gpio.o
    0x080014d4   0x080014d4   0x0000000c   Code   RO         1760    i.HAL_GetTick       stm32f4xx_hal.o
    0x080014e0   0x080014e0   0x00000010   Code   RO         1766    i.HAL_IncTick       stm32f4xx_hal.o
    0x080014f0   0x080014f0   0x00000034   Code   RO         1767    i.HAL_Init          stm32f4xx_hal.o
    0x08001524   0x08001524   0x00000040   Code   RO         1768    i.HAL_InitTick      stm32f4xx_hal.o
    0x08001564   0x08001564   0x00000038   Code   RO          513    i.HAL_MspInit       stm32f4xx_hal_msp.o
    0x0800159c   0x0800159c   0x0000001a   Code   RO         1617    i.HAL_NVIC_EnableIRQ  stm32f4xx_hal_cortex.o
    0x080015b6   0x080015b6   0x00000002   PAD
    0x080015b8   0x080015b8   0x00000040   Code   RO         1623    i.HAL_NVIC_SetPriority  stm32f4xx_hal_cortex.o
    0x080015f8   0x080015f8   0x00000024   Code   RO         1624    i.HAL_NVIC_SetPriorityGrouping  stm32f4xx_hal_cortex.o
    0x0800161c   0x0800161c   0x00000134   Code   RO          772    i.HAL_RCC_ClockConfig  stm32f4xx_hal_rcc.o
    0x08001750   0x08001750   0x00000020   Code   RO          779    i.HAL_RCC_GetPCLK1Freq  stm32f4xx_hal_rcc.o
    0x08001770   0x08001770   0x00000020   Code   RO          780    i.HAL_RCC_GetPCLK2Freq  stm32f4xx_hal_rcc.o
    0x08001790   0x08001790   0x00000098   Code   RO          883    i.HAL_RCC_GetSysClockFreq  stm32f4xx_hal_rcc_ex.o
    0x08001828   0x08001828   0x00000398   Code   RO          884    i.HAL_RCC_OscConfig  stm32f4xx_hal_rcc_ex.o
    0x08001bc0   0x08001bc0   0x00000028   Code   RO         1628    i.HAL_SYSTICK_Config  stm32f4xx_hal_cortex.o
    0x08001be8   0x08001be8   0x00000062   Code   RO         2070    i.HAL_UART_Init     stm32f4xx_hal_uart.o
    0x08001c4a   0x08001c4a   0x00000002   PAD
    0x08001c4c   0x08001c4c   0x00000158   Code   RO          360    i.HAL_UART_MspInit  usart.o
    0x08001da4   0x08001da4   0x00000002   Code   RO          415    i.HardFault_Handler  stm32f4xx_it.o
    0x08001da6   0x08001da6   0x00000002   PAD
    0x08001da8   0x08001da8   0x00000044   Code   RO          288    i.MX_CAN1_Init      can.o
    0x08001dec   0x08001dec   0x00000044   Code   RO          289    i.MX_CAN2_Init      can.o
    0x08001e30   0x08001e30   0x0000004c   Code   RO          335    i.MX_DMA_Init       dma.o
    0x08001e7c   0x08001e7c   0x00000054   Code   RO          236    i.MX_FREERTOS_Init  freertos.o
    0x08001ed0   0x08001ed0   0x00000090   Code   RO          212    i.MX_GPIO_Init      gpio.o
    0x08001f60   0x08001f60   0x00000038   Code   RO          361    i.MX_USART1_UART_Init  usart.o
    0x08001f98   0x08001f98   0x0000003c   Code   RO          362    i.MX_USART3_UART_Init  usart.o
    0x08001fd4   0x08001fd4   0x00000002   Code   RO          416    i.MemManage_Handler  stm32f4xx_it.o
    0x08001fd6   0x08001fd6   0x00000002   Code   RO          417    i.NMI_Handler       stm32f4xx_it.o
    0x08001fd8   0x08001fd8   0x00000060   Code   RO         2738    i.RC_init           bsp_rc.o
    0x08002038   0x08002038   0x00000008   Code   RO          237    i.StartDefaultTask  freertos.o
    0x08002040   0x08002040   0x00000018   Code   RO          418    i.SysTick_Handler   stm32f4xx_it.o
    0x08002058   0x08002058   0x00000094   Code   RO           14    i.SystemClock_Config  main.o
    0x080020ec   0x080020ec   0x00000010   Code   RO         2399    i.SystemInit        system_stm32f4xx.o
    0x080020fc   0x080020fc   0x0000010c   Code   RO         2096    i.UART_SetConfig    stm32f4xx_hal_uart.o
    0x08002208   0x08002208   0x000000b4   Code   RO         2541    i.USART3_IRQHandler  remote_control.o
    0x080022bc   0x080022bc   0x00000002   Code   RO          420    i.UsageFault_Handler  stm32f4xx_it.o
    0x080022be   0x080022be   0x00000020   Code   RO         1630    i.__NVIC_SetPriority  stm32f4xx_hal_cortex.o
    0x080022de   0x080022de   0x00000002   PAD
    0x080022e0   0x080022e0   0x00000068   Code   RO         2437    i.calc_and_send     dart_task.o
    0x08002348   0x08002348   0x000000ac   Code   RO         2498    i.calc_and_send     friction_task.o
    0x080023f4   0x080023f4   0x00000054   Code   RO         2651    i.can1_cmd_motor    can_user.o
    0x08002448   0x08002448   0x00000054   Code   RO         2652    i.can2_cmd_motor    can_user.o
    0x0800249c   0x0800249c   0x00000058   Code   RO         2834    i.can_filter_init   bsp_can.o
    0x080024f4   0x080024f4   0x000000cc   Code   RO         2438    i.dart_control_mode  dart_task.o
    0x080025c0   0x080025c0   0x0000002c   Code   RO         4223    i.get_switch        switch.o
    0x080025ec   0x080025ec   0x00000032   Code   RO           15    i.main              main.o
    0x0800261e   0x0800261e   0x0000000c   Code   RO         3655    i.makeFreeRtosPriority  cmsis_os.o
    0x0800262a   0x0800262a   0x00000002   PAD
    0x0800262c   0x0800262c   0x000000fc   Code   RO         2499    i.mode_choose       friction_task.o
    0x08002728   0x08002728   0x00000098   Code   RO         4166    i.motor_2006_calc   motor.o
    0x080027c0   0x080027c0   0x00000098   Code   RO         4167    i.motor_2006_push_calc  motor.o
    0x08002858   0x08002858   0x00000024   Code   RO         4169    i.motor_calc        motor.o
    0x0800287c   0x0800287c   0x00000020   Code   RO         4170    i.motor_init        motor.o
    0x0800289c   0x0800289c   0x00000098   Code   RO         4171    i.motor_pitch_calc  motor.o
    0x08002934   0x08002934   0x00000098   Code   RO         4172    i.motor_yaw_calc    motor.o
    0x080029cc   0x080029cc   0x0000000e   Code   RO         3657    i.osDelay           cmsis_os.o
    0x080029da   0x080029da   0x0000000a   Code   RO         3660    i.osKernelStart     cmsis_os.o
    0x080029e4   0x080029e4   0x00000054   Code   RO         3694    i.osThreadCreate    cmsis_os.o
    0x08002a38   0x08002a38   0x000000a6   Code   RO         2699    i.pid_calc          pid.o
    0x08002ade   0x08002ade   0x00000022   Code   RO         2700    i.pid_init          pid.o
    0x08002b00   0x08002b00   0x00000070   Code   RO         3337    i.prvAddCurrentTaskToDelayedList  tasks.o
    0x08002b70   0x08002b70   0x000000d0   Code   RO         3338    i.prvAddNewTaskToReadyList  tasks.o
    0x08002c40   0x08002c40   0x00000034   Code   RO         3339    i.prvDeleteTCB      tasks.o
    0x08002c74   0x08002c74   0x0000004c   Code   RO         4022    i.prvHeapInit       heap_4.o
    0x08002cc0   0x08002cc0   0x00000060   Code   RO         3340    i.prvIdleTask       tasks.o
    0x08002d20   0x08002d20   0x00000098   Code   RO         3341    i.prvInitialiseNewTask  tasks.o
    0x08002db8   0x08002db8   0x0000004c   Code   RO         4023    i.prvInsertBlockIntoFreeList  heap_4.o
    0x08002e04   0x08002e04   0x00000020   Code   RO         3342    i.prvResetNextTaskUnblockTime  tasks.o
    0x08002e24   0x08002e24   0x00000028   Code   RO         4090    i.prvTaskExitError  port.o
    0x08002e4c   0x08002e4c   0x000000dc   Code   RO         4024    i.pvPortMalloc      heap_4.o
    0x08002f28   0x08002f28   0x0000002c   Code   RO         4091    i.pxPortInitialiseStack  port.o
    0x08002f54   0x08002f54   0x00000010   Code   RO         2543    i.remote_control_init  remote_control.o
    0x08002f64   0x08002f64   0x000000b4   Code   RO         2544    i.sbus_to_rc        remote_control.o
    0x08003018   0x08003018   0x000000bc   Code   RO         2500    i.speed_ramp        friction_task.o
    0x080030d4   0x080030d4   0x00000026   Code   RO         2973    i.uxListRemove      list.o
    0x080030fa   0x080030fa   0x00000002   PAD
    0x080030fc   0x080030fc   0x00000014   Code   RO          238    i.vApplicationGetIdleTaskMemory  freertos.o
    0x08003110   0x08003110   0x00000016   Code   RO         2974    i.vListInitialise   list.o
    0x08003126   0x08003126   0x00000006   Code   RO         2975    i.vListInitialiseItem  list.o
    0x0800312c   0x0800312c   0x00000030   Code   RO         2976    i.vListInsert       list.o
    0x0800315c   0x0800315c   0x00000018   Code   RO         2977    i.vListInsertEnd    list.o
    0x08003174   0x08003174   0x00000040   Code   RO         4093    i.vPortEnterCritical  port.o
    0x080031b4   0x080031b4   0x00000028   Code   RO         4094    i.vPortExitCritical  port.o
    0x080031dc   0x080031dc   0x00000064   Code   RO         4025    i.vPortFree         heap_4.o
    0x08003240   0x08003240   0x00000024   Code   RO         4095    i.vPortSetupTimerInterrupt  port.o
    0x08003264   0x08003264   0x0000004c   Code   RO         3351    i.vTaskDelay        tasks.o
    0x080032b0   0x080032b0   0x0000006c   Code   RO         3364    i.vTaskStartScheduler  tasks.o
    0x0800331c   0x0800331c   0x00000010   Code   RO         3366    i.vTaskSuspendAll   tasks.o
    0x0800332c   0x0800332c   0x0000005c   Code   RO         3367    i.vTaskSwitchContext  tasks.o
    0x08003388   0x08003388   0x000000f4   Code   RO         4097    i.xPortStartScheduler  port.o
    0x0800347c   0x0800347c   0x0000002c   Code   RO         4098    i.xPortSysTickHandler  port.o
    0x080034a8   0x080034a8   0x0000005a   Code   RO         3370    i.xTaskCreate       tasks.o
    0x08003502   0x08003502   0x00000056   Code   RO         3371    i.xTaskCreateStatic  tasks.o
    0x08003558   0x08003558   0x0000001c   Code   RO         3375    i.xTaskGetSchedulerState  tasks.o
    0x08003574   0x08003574   0x000000cc   Code   RO         3378    i.xTaskIncrementTick  tasks.o
    0x08003640   0x08003640   0x000000c4   Code   RO         3384    i.xTaskResumeAll    tasks.o
    0x08003704   0x08003704   0x0000000a   Code   RO         4369    x$fpl$fpinit        fz_wm.l(fpinit.o)
    0x0800370e   0x0800370e   0x00000002   PAD
    0x08003710   0x08003710   0x00000054   Data   RO          240    .constdata          freertos.o
    0x08003764   0x08003764   0x00000008   Data   RO         1329    .constdata          stm32f4xx_hal_dma.o
    0x0800376c   0x0800376c   0x00000010   Data   RO         2400    .constdata          system_stm32f4xx.o
    0x0800377c   0x0800377c   0x00000008   Data   RO         2401    .constdata          system_stm32f4xx.o
    0x08003784   0x08003784   0x0000001d   Data   RO          241    .conststring        freertos.o
    0x080037a1   0x080037a1   0x00000003   PAD
    0x080037a4   0x080037a4   0x00000020   Data   RO         4425    Region$$Table       anon$$obj.o


    Execution Region RW_IRAM1 (Exec base: 0x20000000, Load base: 0x080037c4, Size: 0x00004d00, Max: 0x00020000, ABSOLUTE)

    Exec Addr    Load Addr    Size         Type   Attr      Idx    E Section Name        Object

    0x20000000   0x080037c4   0x0000000c   Data   RW          242    .data               freertos.o
    0x2000000c   0x080037d0   0x00000004   Data   RW          291    .data               can.o
    0x20000010   0x080037d4   0x0000000c   Data   RW         1774    .data               stm32f4xx_hal.o
    0x2000001c   0x080037e0   0x00000004   Data   RW         2402    .data               system_stm32f4xx.o
    0x20000020   0x080037e4   0x00000010   Data   RW         2439    .data               dart_task.o
    0x20000030   0x080037f4   0x00000020   Data   RW         2501    .data               friction_task.o
    0x20000050   0x08003814   0x00000002   Data   RW         2546    .data               remote_control.o
    0x20000052   0x08003816   0x00000018   Data   RW         2655    .data               can_user.o
    0x2000006a   0x0800382e   0x00000002   PAD
    0x2000006c   0x08003830   0x0000003c   Data   RW         3387    .data               tasks.o
    0x200000a8   0x0800386c   0x00000020   Data   RW         4031    .data               heap_4.o
    0x200000c8   0x0800388c   0x0000000c   Data   RW         4099    .data               port.o
    0x200000d4        -       0x00000254   Zero   RW          239    .bss                freertos.o
    0x20000328        -       0x00000050   Zero   RW          290    .bss                can.o
    0x20000378        -       0x00000148   Zero   RW          363    .bss                usart.o
    0x200004c0        -       0x0000005e   Zero   RW         2545    .bss                remote_control.o
    0x2000051e   0x08003898   0x00000002   PAD
    0x20000520        -       0x00000050   Zero   RW         2653    .bss                can_user.o
    0x20000570        -       0x000000f0   Zero   RW         3386    .bss                tasks.o
    0x20000660        -       0x00003c00   Zero   RW         4030    .bss                heap_4.o
    0x20004260        -       0x00000440   Zero   RW         4173    .bss                motor.o
    0x200046a0        -       0x00000060   Zero   RW         4299    .bss                c_w.l(libspace.o)
    0x20004700        -       0x00000200   Zero   RW            2    HEAP                startup_stm32f446xx.o
    0x20004900        -       0x00000400   Zero   RW            1    STACK               startup_stm32f446xx.o


==============================================================================

Image component sizes


      Code (inc. data)   RO Data    RW Data    ZI Data      Debug   Object Name

        88          8          0          0          0        542   bsp_can.o
        96         12          0          0          0     606094   bsp_rc.o
       428         36          0          4         80       2430   can.o
       448         50          0         24         80       3354   can_user.o
       120          0          0          0          0      23153   cmsis_os.o
       456         36          0         16          0       3316   dart_task.o
        76          4          0          0          0        786   dma.o
         0          0          0          0          0      16840   event_groups.o
       112         14        113         12        596       2536   freertos.o
       844         82          0         32          0       3668   friction_task.o
       144         10          0          0          0        927   gpio.o
       472         24          0         32      15360       7299   heap_4.o
       138          0          0          0          0       3446   list.o
       202          8          0          0          0     723576   main.o
       676        102          0          0       1088       3990   motor.o
       200          0          0          0          0       1946   pid.o
       702         72          0         12          0      10808   port.o
       376         28          0          2         94     609036   remote_control.o
        64         26        452          0       1536        828   startup_stm32f446xx.o
       144         24          0         12          0       8513   stm32f4xx_hal.o
      1638          6          0          0          0      13923   stm32f4xx_hal_can.o
       198         14          0          0          0      33847   stm32f4xx_hal_cortex.o
       752         16          8          0          0       3988   stm32f4xx_hal_dma.o
       496         40          0          0          0       2779   stm32f4xx_hal_gpio.o
        56          4          0          0          0        834   stm32f4xx_hal_msp.o
       372         44          0          0          0       2822   stm32f4xx_hal_rcc.o
      1072         32          0          0          0       2750   stm32f4xx_hal_rcc_ex.o
       366         10          0          0          0       1980   stm32f4xx_hal_uart.o
       108         36          0          0          0       5937   stm32f4xx_it.o
         0          0          0          0          0        404   stream_buffer.o
        44          4          0          0          0        537   switch.o
        16          4         24          4          0       1079   system_stm32f4xx.o
      1548        118          0         60        240      19831   tasks.o
       460         58          0          0        328       2589   usart.o

    ----------------------------------------------------------------------
     12934        922        632        212      19404    2126388   Object Totals
         0          0         32          0          0          0   (incl. Generated)
        22          0          3          2          2          0   (incl. Padding)

    ----------------------------------------------------------------------

      Code (inc. data)   RO Data    RW Data    ZI Data      Debug   Library Member Name

         8          0          0          0          0         68   __main.o
         0          0          0          0          0          0   __rtentry.o
        12          0          0          0          0          0   __rtentry2.o
         6          0          0          0          0          0   __rtentry4.o
        52          8          0          0          0          0   __scatter.o
        26          0          0          0          0          0   __scatter_copy.o
        28          0          0          0          0          0   __scatter_zi.o
        18          0          0          0          0         80   exit.o
         6          0          0          0          0        152   heapauxi.o
         0          0          0          0          0          0   indicate_semi.o
         2          0          0          0          0          0   libinit.o
         6          0          0          0          0          0   libinit2.o
         2          0          0          0          0          0   libshutdown.o
         2          0          0          0          0          0   libshutdown2.o
         8          4          0          0         96         68   libspace.o
       238          0          0          0          0        100   lludivv7m.o
        78          0          0          0          0         80   rt_memclr_w.o
       100          0          0          0          0         80   rt_memcpy_w.o
         2          0          0          0          0          0   rtexit.o
        10          0          0          0          0          0   rtexit2.o
        12          4          0          0          0         68   sys_exit.o
        74          0          0          0          0         80   sys_stackheap_outer.o
         2          0          0          0          0         68   use_no_semi.o
        10          0          0          0          0        116   fpinit.o

    ----------------------------------------------------------------------
       710         16          0          0         96        960   Library Totals
         8          0          0          0          0          0   (incl. Padding)

    ----------------------------------------------------------------------

      Code (inc. data)   RO Data    RW Data    ZI Data      Debug   Library Name

       692         16          0          0         96        844   c_w.l
        10          0          0          0          0        116   fz_wm.l

    ----------------------------------------------------------------------
       710         16          0          0         96        960   Library Totals

    ----------------------------------------------------------------------

==============================================================================


      Code (inc. data)   RO Data    RW Data    ZI Data      Debug   

     13644        938        632        212      19500    2115036   Grand Totals
     13644        938        632        212      19500    2115036   ELF Image Totals
     13644        938        632        212          0          0   ROM Totals

==============================================================================

    Total RO  Size (Code + RO Data)                14276 (  13.94kB)
    Total RW  Size (RW Data + ZI Data)             19712 (  19.25kB)
    Total ROM Size (Code + RO Data + RW Data)      14488 (  14.15kB)

==============================================================================

